2026-07-30 01:22:06.715: [INFO] VisibilityChanged: 0
2026-07-30 01:22:06.772: [INFO] RecordSyncInitDuration has_sync_been_enabled: 0 state: 0
2026-07-30 01:22:06.774: [INFO] RecordSyncInitDuration has_sync_been_enabled: 0 state: 0
2026-07-30 01:22:06.776: [INFO] RecordSyncInitDuration has_sync_been_enabled: 0 state: 0
2026-07-30 01:22:06.779: [INFO] RecordSyncInitDuration has_sync_been_enabled: 0 state: 0
2026-07-30 01:22:06.780: [INFO] RecordSyncInitDuration has_sync_been_enabled: 0 state: 0
2026-07-30 01:22:06.781: [INFO] RecordSyncInitDuration has_sync_been_enabled: 0 state: 0
2026-07-30 01:22:06.783: [INFO] RecordSyncInitDuration has_sync_been_enabled: 0 state: 0
2026-07-30 01:22:06.784: [INFO] RecordSyncInitDuration has_sync_been_enabled: 0 state: 0
2026-07-30 01:22:06.785: [INFO] RecordSyncInitDuration has_sync_been_enabled: 0 state: 0
2026-07-30 01:22:06.787: [INFO] RecordSyncInitDuration has_sync_been_enabled: 0 state: 0
2026-07-30 01:22:06.828: [INFO] BookmarkModelLoaded, ids_reassigned: 0
2026-07-30 01:22:06.828: [INFO] OnDoneLoading sync enabled: 0
2026-07-30 01:22:06.913: [INFO] RecordSyncInitDuration has_sync_been_enabled: 0 state: 0
2026-07-30 01:22:08.151: [INFO] RecordSyncInitDuration has_sync_been_enabled: 0 state: 0
2026-07-30 01:22:08.156: [INFO] RecordSyncInitDuration has_sync_been_enabled: 0 state: 3
2026-07-30 01:22:08.159: [INFO] Primary account changed.
2026-07-30 01:22:08.159: [INFO] OnPrimaryAccountChanged PrimaryAccountChangeEvent::Type::kSet
2026-07-30 01:22:08.169: [INFO] RecordSyncInitDuration has_sync_been_enabled: 0 state: 3
2026-07-30 01:22:08.196: [INFO] RecordSyncInitDuration has_sync_been_enabled: 0 state: 3
2026-07-30 01:22:14.243: [INFO] BookmarkNodeAdded, ABU: 0
2026-07-30 01:22:14.244: [INFO] BookmarkNodeAdded, ABU: 0
2026-07-30 01:22:14.246: [INFO] BookmarkNodeAdded, ABU: 0
2026-07-30 01:22:14.247: [INFO] BookmarkNodeAdded, ABU: 0
2026-07-30 01:22:14.249: [INFO] BookmarkNodeAdded, ABU: 0
2026-07-30 01:22:14.251: [INFO] BookmarkNodeAdded, ABU: 0
2026-07-30 01:22:14.252: [INFO] BookmarkNodeAdded, ABU: 0
2026-07-30 01:22:14.254: [INFO] BookmarkNodeAdded, ABU: 0
2026-07-30 01:22:14.254: [INFO] BookmarkNodeAdded, ABU: 0
2026-07-30 01:22:14.254: [INFO] BookmarkNodeAdded, ABU: 0
2026-07-30 01:22:14.255: [INFO] BookmarkNodeAdded, ABU: 0
2026-07-30 01:22:14.257: [INFO] BookmarkNodeAdded, ABU: 0
2026-07-30 01:22:14.258: [INFO] BookmarkNodeAdded, ABU: 0
2026-07-30 01:22:14.259: [INFO] BookmarkNodeAdded, ABU: 0
2026-07-30 01:22:14.261: [INFO] BookmarkNodeAdded, ABU: 0
2026-07-30 01:22:14.262: [INFO] BookmarkNodeAdded, ABU: 0
2026-07-30 01:22:14.264: [INFO] BookmarkNodeAdded, ABU: 0
2026-07-30 01:22:14.265: [INFO] BookmarkNodeAdded, ABU: 0
2026-07-30 01:22:14.267: [INFO] BookmarkNodeAdded, ABU: 0
2026-07-30 01:22:14.268: [INFO] BookmarkNodeAdded, ABU: 0
2026-07-30 01:22:14.270: [INFO] BookmarkNodeAdded, ABU: 0
2026-07-30 01:22:14.271: [INFO] BookmarkNodeAdded, ABU: 0
2026-07-30 01:22:14.273: [INFO] BookmarkNodeAdded, ABU: 0
2026-07-30 01:22:14.327: [INFO] VisibilityChanged: 1
2026-07-30 01:22:14.903: [INFO] Sync initialization duration: 6516ms
2026-07-31 13:35:40.758: [INFO] OnDoneLoading sync enabled: 1
2026-07-31 13:35:54.504: [INFO] Sync initialization duration: 2195ms
2026-07-31 13:36:17.879: [INFO] VisibilityChanged: 0
2026-07-31 13:44:46.345: [INFO] OnDoneLoading sync enabled: 0
2026-07-31 13:44:49.567: [INFO] Primary account changed.
2026-07-31 13:44:49.567: [INFO] OnPrimaryAccountChanged PrimaryAccountChangeEvent::Type::kSet
2026-07-31 13:44:54.221: [INFO] Sync initialization duration: 7871ms
2026-07-31 13:45:28.867: [INFO] VisibilityChanged: 0
2026-07-31 13:52:47.664: [INFO] OnDoneLoading sync enabled: 1
2026-07-31 13:52:58.844: [INFO] Sync initialization duration: 1385ms
2026-08-01 03:45:13.746: [INFO] OnDoneLoading sync enabled: 0
2026-08-01 03:45:17.353: [INFO] Primary account changed.
2026-08-01 03:45:17.353: [INFO] OnPrimaryAccountChanged PrimaryAccountChangeEvent::Type::kSet
2026-08-01 03:45:22.889: [INFO] Sync initialization duration: 5549ms
2026-08-01 03:45:29.922: [INFO] VisibilityChanged: 0
2026-08-01 08:55:23.105: [INFO] OnDoneLoading sync enabled: 1
2026-08-01 08:55:34.217: [INFO] Sync initialization duration: 1336ms
2026-08-01 11:13:03.680: [INFO] OnDoneLoading sync enabled: 0
2026-08-01 11:13:07.426: [INFO] Primary account changed.
2026-08-01 11:13:07.426: [INFO] OnPrimaryAccountChanged PrimaryAccountChangeEvent::Type::kSet
2026-08-01 11:13:13.309: [INFO] Sync initialization duration: 5911ms
2026-08-01 13:11:57.638: [INFO] VisibilityChanged: 0
2026-08-02 13:17:30.527: [INFO] CurrentProfilePath: C:\Users\MARKLO~1.RIA\AppData\Local\Temp\flutter_tools.f9a35b13\flutter_tools_chrome_device.79420107\Default
2026-08-02 13:17:30.527: [INFO] Profiles total count: 1
2026-08-02 13:17:30.528: [INFO] Profile: name=Profile 1 path=C:\Users\MARKLO~1.RIA\AppData\Local\Temp\flutter_tools.f9a35b13\flutter_tools_chrome_device.79420107\Default lastActive=2026-08-02T13:17:30.489Z
2026-08-02 13:17:30.528: [INFO] LastUsedProfileDir: C:\Users\MARKLO~1.RIA\AppData\Local\Temp\flutter_tools.f9a35b13\flutter_tools_chrome_device.79420107\Default
2026-08-02 13:17:30.528: [INFO] MostRecentlyActiveProfile: name=Profile 1 path=C:\Users\MARKLO~1.RIA\AppData\Local\Temp\flutter_tools.f9a35b13\flutter_tools_chrome_device.79420107\Default lastActive=2026-08-02T13:17:30.489Z
2026-08-02 13:17:30.528: [INFO] OnDoneLoading sync enabled: 1
2026-08-02 13:17:30.528: [INFO] BookmarkModelLoaded, ids_reassigned: 0
2026-08-02 13:17:30.528: [INFO] BookmarksLoadDropped droppedNodes=0
2026-08-02 13:17:30.528: [INFO] BookmarksSnapshot Startup total=21 bar=6 other=3 mobile=0 showBar=1 showBarNTP=0
2026-08-02 13:17:42.919: [INFO] Sync initialization duration: 1383ms
2026-08-02 13:34:05.886: [INFO] VisibilityChanged: 0
2026-08-02 13:34:06.049: [INFO] BookmarksSnapshot Shutdown total=21 bar=6 other=3 mobile=0 showBar=1 showBarNTP=0
2026-08-03 04:03:05.486: [INFO] CurrentProfilePath: C:\Users\MARKLO~1.RIA\AppData\Local\Temp\flutter_tools.17dd1617\flutter_tools_chrome_device.f83c6faf\Default
2026-08-03 04:03:05.486: [INFO] Profiles total count: 1
2026-08-03 04:03:05.489: [INFO] Profile: name=Profile 1 path=C:\Users\MARKLO~1.RIA\AppData\Local\Temp\flutter_tools.17dd1617\flutter_tools_chrome_device.f83c6faf\Default lastActive=2026-08-03T04:03:05.427Z
2026-08-03 04:03:05.489: [INFO] LastUsedProfileDir: C:\Users\MARKLO~1.RIA\AppData\Local\Temp\flutter_tools.17dd1617\flutter_tools_chrome_device.f83c6faf\Default
2026-08-03 04:03:05.490: [INFO] MostRecentlyActiveProfile: name=Profile 1 path=C:\Users\MARKLO~1.RIA\AppData\Local\Temp\flutter_tools.17dd1617\flutter_tools_chrome_device.f83c6faf\Default lastActive=2026-08-03T04:03:05.427Z
2026-08-03 04:03:05.490: [INFO] OnDoneLoading sync enabled: 0
2026-08-03 04:03:05.490: [INFO] BookmarkModelLoaded, ids_reassigned: 0
2026-08-03 04:03:05.490: [INFO] BookmarksLoadDropped droppedNodes=0
2026-08-03 04:03:05.490: [INFO] BookmarksSnapshot Startup total=21 bar=6 other=3 mobile=0 showBar=1 showBarNTP=0
2026-08-03 04:03:42.904: [INFO] Primary account changed.
2026-08-03 04:03:42.904: [INFO] OnPrimaryAccountChanged PrimaryAccountChangeEvent::Type::kSet
2026-08-03 04:05:29.138: [INFO] Sync initialization duration: 106242ms
2026-08-03 04:09:53.721: [INFO] BookmarksSnapshot Shutdown total=21 bar=6 other=3 mobile=0 showBar=1 showBarNTP=0
2026-08-03 15:07:02.871: [INFO] CurrentProfilePath: C:\Users\MARKLO~1.RIA\AppData\Local\Temp\flutter_tools.858a0d20\flutter_tools_chrome_device.6230629d\Default
2026-08-03 15:07:02.871: [INFO] Profiles total count: 1
2026-08-03 15:07:02.872: [INFO] Profile: name=Profile 1 path=C:\Users\MARKLO~1.RIA\AppData\Local\Temp\flutter_tools.858a0d20\flutter_tools_chrome_device.6230629d\Default lastActive=2026-08-03T15:07:02.839Z
2026-08-03 15:07:02.872: [INFO] LastUsedProfileDir: C:\Users\MARKLO~1.RIA\AppData\Local\Temp\flutter_tools.858a0d20\flutter_tools_chrome_device.6230629d\Default
2026-08-03 15:07:02.872: [INFO] MostRecentlyActiveProfile: name=Profile 1 path=C:\Users\MARKLO~1.RIA\AppData\Local\Temp\flutter_tools.858a0d20\flutter_tools_chrome_device.6230629d\Default lastActive=2026-08-03T15:07:02.839Z
2026-08-03 15:07:02.872: [INFO] OnDoneLoading sync enabled: 1
2026-08-03 15:07:02.872: [INFO] BookmarkModelLoaded, ids_reassigned: 0
2026-08-03 15:07:02.872: [INFO] BookmarksLoadDropped droppedNodes=0
2026-08-03 15:07:02.872: [INFO] BookmarksSnapshot Startup total=21 bar=6 other=3 mobile=0 showBar=1 showBarNTP=0
2026-08-03 15:07:15.567: [INFO] Sync initialization duration: 1561ms
2026-08-03 16:14:08.661: [INFO] BookmarksSnapshot Shutdown total=21 bar=6 other=3 mobile=0 showBar=1 showBarNTP=0
2026-08-03 16:48:50.013: [INFO] CurrentProfilePath: C:\Users\MARKLO~1.RIA\AppData\Local\Temp\flutter_tools.cd59dfd7\flutter_tools_chrome_device.731e7219\Default
2026-08-03 16:48:50.013: [INFO] Profiles total count: 1
2026-08-03 16:48:50.014: [INFO] Profile: name=Profile 1 path=C:\Users\MARKLO~1.RIA\AppData\Local\Temp\flutter_tools.cd59dfd7\flutter_tools_chrome_device.731e7219\Default lastActive=2026-08-03T16:48:49.975Z
2026-08-03 16:48:50.014: [INFO] LastUsedProfileDir: C:\Users\MARKLO~1.RIA\AppData\Local\Temp\flutter_tools.cd59dfd7\flutter_tools_chrome_device.731e7219\Default
2026-08-03 16:48:50.014: [INFO] MostRecentlyActiveProfile: name=Profile 1 path=C:\Users\MARKLO~1.RIA\AppData\Local\Temp\flutter_tools.cd59dfd7\flutter_tools_chrome_device.731e7219\Default lastActive=2026-08-03T16:48:49.975Z
2026-08-03 16:48:50.014: [INFO] OnDoneLoading sync enabled: 0
2026-08-03 16:48:50.014: [INFO] BookmarkModelLoaded, ids_reassigned: 0
2026-08-03 16:48:50.014: [INFO] BookmarksLoadDropped droppedNodes=0
2026-08-03 16:48:50.014: [INFO] BookmarksSnapshot Startup total=21 bar=6 other=3 mobile=0 showBar=1 showBarNTP=0
2026-08-03 16:48:52.738: [INFO] Primary account changed.
2026-08-03 16:48:52.738: [INFO] OnPrimaryAccountChanged PrimaryAccountChangeEvent::Type::kSet
2026-08-03 16:48:59.235: [INFO] Sync initialization duration: 9218ms
2026-08-03 18:30:10.410: [INFO] VisibilityChanged: 0
2026-08-03 18:30:10.803: [INFO] BookmarksSnapshot Shutdown total=21 bar=6 other=3 mobile=0 showBar=1 showBarNTP=0
2026-08-04 02:51:22.690: [INFO] CurrentProfilePath: C:\Users\MARKLO~1.RIA\AppData\Local\Temp\flutter_tools.9875f55c\flutter_tools_chrome_device.5e0ae36\Default
2026-08-04 02:51:22.690: [INFO] Profiles total count: 1
2026-08-04 02:51:22.691: [INFO] Profile: name=Profile 1 path=C:\Users\MARKLO~1.RIA\AppData\Local\Temp\flutter_tools.9875f55c\flutter_tools_chrome_device.5e0ae36\Default lastActive=2026-08-04T02:51:22.660Z
2026-08-04 02:51:22.691: [INFO] LastUsedProfileDir: C:\Users\MARKLO~1.RIA\AppData\Local\Temp\flutter_tools.9875f55c\flutter_tools_chrome_device.5e0ae36\Default
2026-08-04 02:51:22.691: [INFO] MostRecentlyActiveProfile: name=Profile 1 path=C:\Users\MARKLO~1.RIA\AppData\Local\Temp\flutter_tools.9875f55c\flutter_tools_chrome_device.5e0ae36\Default lastActive=2026-08-04T02:51:22.660Z
2026-08-04 02:51:22.691: [INFO] OnDoneLoading sync enabled: 1
2026-08-04 02:51:22.691: [INFO] BookmarkModelLoaded, ids_reassigned: 0
2026-08-04 02:51:22.691: [INFO] BookmarksLoadDropped droppedNodes=0
2026-08-04 02:51:22.691: [INFO] BookmarksSnapshot Startup total=21 bar=6 other=3 mobile=0 showBar=1 showBarNTP=0
2026-08-04 02:51:53.358: [INFO] Sync initialization duration: 18490ms
2026-08-04 02:52:32.324: [INFO] VisibilityChanged: 0
2026-08-04 02:52:32.521: [INFO] BookmarksSnapshot Shutdown total=21 bar=6 other=3 mobile=0 showBar=1 showBarNTP=0
2026-08-05 01:41:17.026: [INFO] CurrentProfilePath: C:\Users\MARKLO~1.RIA\AppData\Local\Temp\flutter_tools.c58a230\flutter_tools_chrome_device.f0e00c9a\Default
2026-08-05 01:41:17.026: [INFO] Profiles total count: 1
2026-08-05 01:41:17.027: [INFO] Profile: name=Profile 1 path=C:\Users\MARKLO~1.RIA\AppData\Local\Temp\flutter_tools.c58a230\flutter_tools_chrome_device.f0e00c9a\Default lastActive=2026-08-05T01:41:16.974Z
2026-08-05 01:41:17.027: [INFO] LastUsedProfileDir: C:\Users\MARKLO~1.RIA\AppData\Local\Temp\flutter_tools.c58a230\flutter_tools_chrome_device.f0e00c9a\Default
2026-08-05 01:41:17.027: [INFO] MostRecentlyActiveProfile: name=Profile 1 path=C:\Users\MARKLO~1.RIA\AppData\Local\Temp\flutter_tools.c58a230\flutter_tools_chrome_device.f0e00c9a\Default lastActive=2026-08-05T01:41:16.974Z
2026-08-05 01:41:17.027: [INFO] OnDoneLoading sync enabled: 0
2026-08-05 01:41:17.027: [INFO] BookmarkModelLoaded, ids_reassigned: 0
2026-08-05 01:41:17.027: [INFO] BookmarksLoadDropped droppedNodes=0
2026-08-05 01:41:17.027: [INFO] BookmarksSnapshot Startup total=21 bar=6 other=3 mobile=0 showBar=1 showBarNTP=0
2026-08-05 01:41:18.027: [INFO] Primary account changed.
2026-08-05 01:41:18.027: [INFO] OnPrimaryAccountChanged PrimaryAccountChangeEvent::Type::kSet
2026-08-05 01:41:23.185: [INFO] Sync initialization duration: 6155ms
2026-08-05 01:44:19.428: [INFO] VisibilityChanged: 0
2026-08-05 01:44:19.567: [INFO] BookmarksSnapshot Shutdown total=21 bar=6 other=3 mobile=0 showBar=1 showBarNTP=0
