{"logTime": "0802/132242", "correlationVector":"lnZihVuNnbER+OnBAwFU7i","action":"Commit Request", "result":"", "context":Item count: 1
Contributing types: Device Info}
{"logTime": "0802/132242", "correlationVector":"lnZihVuNnbER+OnBAwFU7i.1","action":"SyncServerConnectionManagerRequest", "result":"SYNC_SERVER_OK", "context":{"environment":"Prod_southeastasia_prod-s01-064-apac-southeastasia", "migrationStage":"NotStarted", "server":"akswtt002000008"}}
{"logTime": "0802/132242", "correlationVector":"lnZihVuNnbER+OnBAwFU7i.2","action":"Commit Response", "result":"Success", "context":Result: Success. cV=lnZihVuNnbER+OnBAwFU7i.0;server=akswtt002000008;cloudType=Consumer;environment=Prod_southeastasia_prod-s01-064-apac-southeastasia;migrationStage=NotStarted}
{"logTime": "0802/132245", "correlationVector":"TjGSRxkwfU1v5pgpNbVABZ","action":"Commit Request", "result":"", "context":Item count: 1
Contributing types: Preferences}
{"logTime": "0802/132245", "correlationVector":"TjGSRxkwfU1v5pgpNbVABZ.1","action":"SyncServerConnectionManagerRequest", "result":"SYNC_SERVER_OK", "context":{"environment":"Prod_southeastasia_prod-s01-064-apac-southeastasia", "migrationStage":"NotStarted", "server":"akswtt00200001t"}}
{"logTime": "0802/132245", "correlationVector":"TjGSRxkwfU1v5pgpNbVABZ.2","action":"Commit Response", "result":"Success", "context":Result: Success. cV=TjGSRxkwfU1v5pgpNbVABZ.0;server=akswtt00200001t;cloudType=Consumer;environment=Prod_southeastasia_prod-s01-064-apac-southeastasia;migrationStage=NotStarted}
{"logTime": "0802/132730", "correlationVector":"3RWOQFNeboEESj3D0cqPr5","action":"Commit Request", "result":"", "context":Item count: 1
Contributing types: Sessions}
{"logTime": "0802/132731", "correlationVector":"3RWOQFNeboEESj3D0cqPr5.1","action":"SyncServerConnectionManagerRequest", "result":"SYNC_SERVER_OK", "context":{"environment":"Prod_southeastasia_prod-s01-064-apac-southeastasia", "migrationStage":"NotStarted", "server":"akswtt00200000z"}}
{"logTime": "0802/132731", "correlationVector":"3RWOQFNeboEESj3D0cqPr5.2","action":"Commit Response", "result":"Success", "context":Result: Success. cV=3RWOQFNeboEESj3D0cqPr5.0;server=akswtt00200000z;cloudType=Consumer;environment=Prod_southeastasia_prod-s01-064-apac-southeastasia;migrationStage=NotStarted}
{"logTime": "0802/133047", "correlationVector":"MMYxYOMuOEHG/nHiizFtOi","action":"Commit Request", "result":"", "context":Item count: 1
Contributing types: Sessions}
{"logTime": "0802/133047", "correlationVector":"MMYxYOMuOEHG/nHiizFtOi.1","action":"SyncServerConnectionManagerRequest", "result":"SYNC_SERVER_OK", "context":{"environment":"Prod_southeastasia_prod-s01-064-apac-southeastasia", "migrationStage":"NotStarted", "server":"akswtt00200000g"}}
{"logTime": "0802/133047", "correlationVector":"MMYxYOMuOEHG/nHiizFtOi.2","action":"Commit Response", "result":"Success", "context":Result: Success. cV=MMYxYOMuOEHG/nHiizFtOi.0;server=akswtt00200000g;cloudType=Consumer;environment=Prod_southeastasia_prod-s01-064-apac-southeastasia;migrationStage=NotStarted}
{"logTime": "0803/040413", "correlationVector":"ldl4tLyAzUrLrQKOyXhzHV","action":"SyncServerConnectionManagerRequest", "result":"CONNECTION_UNAVAILABLE", "context":{"error_type":"net_error_code", "error_value":"-21"}}
{"logTime": "0803/040415", "correlationVector":"A5XvNBre7a3+/napCI9nbn.1","action":"SyncServerConnectionManagerRequest", "result":"SYNC_SERVER_OK", "context":{"environment":"Prod_southeastasia_prod-s01-064-apac-southeastasia", "migrationStage":"NotStarted", "server":"akswtt00200000y"}}
{"logTime": "0803/040415", "correlationVector":"A5XvNBre7a3+/napCI9nbn.2","action":"ProcessGetUpdates", "result":"Done", "context":{"dataType":"Encryption Keys", "deleted":"0", "process_failed_to_decrypt":"0", "process_pending_decryption":"0", "process_success":"1", "total":"1"}}
{"logTime": "0803/040415", "correlationVector":"ldl4tLyAzUrLrQKOyXhzHV","action":"Initial GetUpdates", "result":"", "context":Reason: NEW_CLIENT. cV=ldl4tLyAzUrLrQKOyXhzHV}
{"logTime": "0803/040415", "correlationVector":"+0OJRhXoeuufVZ+A2KgAPz.0","action":"GetUpdates Response", "result":"Network error (ERR_NETWORK_CHANGED)", "context":Received error: Network error (ERR_NETWORK_CHANGED). }
{"logTime": "0803/040415", "correlationVector":"A5XvNBre7a3+/napCI9nbn","action":"Initial GetUpdates", "result":"", "context":Reason: NEW_CLIENT. cV=A5XvNBre7a3+/napCI9nbn}
{"logTime": "0803/040415", "correlationVector":"A5XvNBre7a3+/napCI9nbn.3","action":"GetUpdates Response", "result":"Success", "context":Received 1 update(s). cV=A5XvNBre7a3+/napCI9nbn.0;server=akswtt00200000y;cloudType=Consumer;environment=Prod_southeastasia_prod-s01-064-apac-southeastasia;migrationStage=NotStarted}
{"logTime": "0803/040415", "correlationVector":"hfjl5JZMxDMqpFLAP2vHYJ","action":"Initial GetUpdates", "result":"", "context":Reason: NEWLY_SUPPORTED_DATATYPE. cV=hfjl5JZMxDMqpFLAP2vHYJ}
{"logTime": "0803/040416", "correlationVector":"hfjl5JZMxDMqpFLAP2vHYJ.1","action":"SyncServerConnectionManagerRequest", "result":"SYNC_SERVER_OK", "context":{"environment":"Prod_southeastasia_prod-s01-064-apac-southeastasia", "migrationStage":"NotStarted", "server":"akswtt00200001p"}}
{"logTime": "0803/040416", "correlationVector":"hfjl5JZMxDMqpFLAP2vHYJ.2","action":"ProcessGetUpdates", "result":"Done", "context":{"dataType":"Device Info", "deleted":"0", "process_failed_to_decrypt":"0", "process_pending_decryption":"0", "process_success":"7", "total":"7"}}
{"logTime": "0803/040416", "correlationVector":"hfjl5JZMxDMqpFLAP2vHYJ.3","action":"GetUpdates Response", "result":"Success", "context":Received 7 update(s). cV=hfjl5JZMxDMqpFLAP2vHYJ.0;server=akswtt00200001p;cloudType=Consumer;environment=Prod_southeastasia_prod-s01-064-apac-southeastasia;migrationStage=NotStarted}
{"logTime": "0803/040416", "correlationVector":"leDblOIjXyozq9H7HMbNQ2","action":"Initial GetUpdates", "result":"", "context":Reason: NEWLY_SUPPORTED_DATATYPE. cV=leDblOIjXyozq9H7HMbNQ2}
{"logTime": "0803/040417", "correlationVector":"leDblOIjXyozq9H7HMbNQ2.1","action":"SyncServerConnectionManagerRequest", "result":"SYNC_SERVER_OK", "context":{"environment":"Prod_southeastasia_prod-s01-064-apac-southeastasia", "migrationStage":"NotStarted", "server":"akswtt00200001v"}}
{"logTime": "0803/040417", "correlationVector":"leDblOIjXyozq9H7HMbNQ2.2","action":"ProcessGetUpdates", "result":"Done", "context":{"dataType":"Bookmarks", "deleted":"3", "process_failed_to_decrypt":"0", "process_pending_decryption":"0", "process_success":"31", "total":"31"}}
{"logTime": "0803/040417", "correlationVector":"leDblOIjXyozq9H7HMbNQ2.3","action":"ProcessGetUpdates", "result":"Done", "context":{"dataType":"Preferences", "deleted":"0", "process_failed_to_decrypt":"0", "process_pending_decryption":"0", "process_success":"82", "total":"82"}}
{"logTime": "0803/040417", "correlationVector":"leDblOIjXyozq9H7HMbNQ2.4","action":"ProcessGetUpdates", "result":"Done", "context":{"dataType":"Extensions", "deleted":"0", "process_failed_to_decrypt":"0", "process_pending_decryption":"0", "process_success":"3", "total":"3"}}
{"logTime": "0803/040417", "correlationVector":"leDblOIjXyozq9H7HMbNQ2.5","action":"ProcessGetUpdates", "result":"Done", "context":{"dataType":"Sessions", "deleted":"128", "process_failed_to_decrypt":"0", "process_pending_decryption":"0", "process_success":"128", "total":"128"}}
{"logTime": "0803/040417", "correlationVector":"leDblOIjXyozq9H7HMbNQ2.6","action":"ProcessGetUpdates", "result":"Done", "context":{"dataType":"Saved Tab Group", "deleted":"2", "process_failed_to_decrypt":"0", "process_pending_decryption":"0", "process_success":"2", "total":"2"}}
{"logTime": "0803/040417", "correlationVector":"leDblOIjXyozq9H7HMbNQ2.7","action":"ProcessGetUpdates", "result":"Done", "context":{"dataType":"WebAuthn Credentials", "deleted":"0", "process_failed_to_decrypt":"0", "process_pending_decryption":"0", "process_success":"1", "total":"1"}}
{"logTime": "0803/040417", "correlationVector":"leDblOIjXyozq9H7HMbNQ2.8","action":"ProcessGetUpdates", "result":"Done", "context":{"dataType":"Edge Hub App Usage", "deleted":"0", "process_failed_to_decrypt":"0", "process_pending_decryption":"0", "process_success":"3", "total":"3"}}
{"logTime": "0803/040417", "correlationVector":"leDblOIjXyozq9H7HMbNQ2.9","action":"GetUpdates Response", "result":"Success", "context":Received 250 update(s). cV=leDblOIjXyozq9H7HMbNQ2.0;server=akswtt00200001v;cloudType=Consumer;environment=Prod_southeastasia_prod-s01-064-apac-southeastasia;migrationStage=NotStarted Some updates remain.}
{"logTime": "0803/040417", "correlationVector":"29HzEI+V0NBBnIcgTEIttG","action":"Initial GetUpdates", "result":"", "context":Reason: NEWLY_SUPPORTED_DATATYPE. cV=29HzEI+V0NBBnIcgTEIttG}
{"logTime": "0803/040520", "correlationVector":"29HzEI+V0NBBnIcgTEIttG.1","action":"SyncServerConnectionManagerRequest", "result":"SYNC_SERVER_OK", "context":{"environment":"Prod_southeastasia_prod-s01-064-apac-southeastasia", "migrationStage":"NotStarted", "server":"akswtt002000002"}}
{"logTime": "0803/040520", "correlationVector":"29HzEI+V0NBBnIcgTEIttG.2","action":"ProcessGetUpdates", "result":"Done", "context":{"dataType":"Bookmarks", "deleted":"0", "process_failed_to_decrypt":"0", "process_pending_decryption":"0", "process_success":"1", "total":"1"}}
{"logTime": "0803/040520", "correlationVector":"29HzEI+V0NBBnIcgTEIttG.3","action":"ProcessGetUpdates", "result":"Done", "context":{"dataType":"Preferences", "deleted":"0", "process_failed_to_decrypt":"0", "process_pending_decryption":"0", "process_success":"3", "total":"3"}}
{"logTime": "0803/040520", "correlationVector":"29HzEI+V0NBBnIcgTEIttG.4","action":"ProcessGetUpdates", "result":"Done", "context":{"dataType":"Sessions", "deleted":"190", "process_failed_to_decrypt":"0", "process_pending_decryption":"0", "process_success":"208", "total":"208"}}
{"logTime": "0803/040520", "correlationVector":"29HzEI+V0NBBnIcgTEIttG.5","action":"ProcessGetUpdates", "result":"Done", "context":{"dataType":"Edge Hub App Usage", "deleted":"0", "process_failed_to_decrypt":"0", "process_pending_decryption":"0", "process_success":"3", "total":"3"}}
{"logTime": "0803/040520", "correlationVector":"29HzEI+V0NBBnIcgTEIttG.6","action":"GetUpdates Response", "result":"Success", "context":Received 215 update(s). cV=29HzEI+V0NBBnIcgTEIttG.0;server=akswtt002000002;cloudType=Consumer;environment=Prod_southeastasia_prod-s01-064-apac-southeastasia;migrationStage=NotStarted}
{"logTime": "0803/040520", "correlationVector":"QFelB9klv6C2lRxndYrekx","action":"Initial GetUpdates", "result":"", "context":Reason: NEWLY_SUPPORTED_DATATYPE. cV=QFelB9klv6C2lRxndYrekx}
{"logTime": "0803/040529", "correlationVector":"QFelB9klv6C2lRxndYrekx.1","action":"SyncServerConnectionManagerRequest", "result":"SYNC_SERVER_OK", "context":{"environment":"Prod_southeastasia_prod-s01-064-apac-southeastasia", "migrationStage":"NotStarted", "server":"akswtt00200001d"}}
{"logTime": "0803/040529", "correlationVector":"QFelB9klv6C2lRxndYrekx.2","action":"ProcessGetUpdates", "result":"Done", "context":{"dataType":"History", "deleted":"0", "process_failed_to_decrypt":"0", "process_pending_decryption":"0", "process_success":"232", "total":"232"}}
{"logTime": "0803/040529", "correlationVector":"QFelB9klv6C2lRxndYrekx.3","action":"GetUpdates Response", "result":"Success", "context":Received 232 update(s). cV=QFelB9klv6C2lRxndYrekx.0;server=akswtt00200001d;cloudType=Consumer;environment=Prod_southeastasia_prod-s01-064-apac-southeastasia;migrationStage=NotStarted}
{"logTime": "0803/040537", "correlationVector":"","action":"SyncServerConnectionManagerRequest", "result":"CONNECTION_UNAVAILABLE", "context":{"error_type":"net_error_code", "error_value":"-21"}}
{"logTime": "0803/040537", "correlationVector":"QUdGsBpNYMVRNeb2Szvtt0","action":"Normal GetUpdate request", "result":"", "context":cV=QUdGsBpNYMVRNeb2Szvtt0
Nudged types: Sessions, Device Info
Refresh requested types: Bookmarks, Preferences, Extensions, Sessions, Extension settings, History Delete Directives, Device Info, User Consents, Send Tab To Self, Web Apps, History, Saved Tab Group, WebAuthn Credentials, Edge E Drop, Edge Hub App Usage, Edge Workspace, Encryption Keys}
{"logTime": "0803/040544", "correlationVector":"QUdGsBpNYMVRNeb2Szvtt0","action":"SyncServerConnectionManagerRequest", "result":"CONNECTION_UNAVAILABLE", "context":{"error_type":"net_error_code", "error_value":"-21"}}
{"logTime": "0803/040544", "correlationVector":"9KxMpa4NPS7YnptMD6ndd3.0","action":"GetUpdates Response", "result":"Network error (ERR_NETWORK_CHANGED)", "context":Received error: Network error (ERR_NETWORK_CHANGED). }
{"logTime": "0803/040552", "correlationVector":"9KxMpa4NPS7YnptMD6ndd3.1","action":"SyncServerConnectionManagerRequest", "result":"SYNC_SERVER_OK", "context":{"environment":"", "migrationStage":"", "server":""}}
{"logTime": "0803/040552", "correlationVector":"9KxMpa4NPS7YnptMD6ndd3.2","action":"EncryptionKeysFetcher.DownloadKeys:", "result":"Success", "context":Key count: 3, Last key timestamp: 2026-07-02T08:14:34Z}
{"logTime": "0803/040552", "correlationVector":"9KxMpa4NPS7YnptMD6ndd3.3","action":"EncryptionKeysManager::SetEncryptionKeys:", "result":"Success", "context":Key names[3]:[QPlZQLjCCmvTMlvVjip4dP9BOsJA4IbmaJjaKSSW/I4IAQXvr0XAbpV5mOIaiZzg7rcn3EvIuDSuznP/u81ihw==][Q04S7UwxXmZRomsUqIGPudUxtM8788oXOC106Ie/ir1FnjJiIX01Bnnx5Y+tO8vup1sZRSN7WNPOZvyGHppgig==][10fQMI3Atqc99jH83tLjtSiirtLKq6ETDLX7XaGb2rMS4tPp1Hf8KP2O7B71faFg9MUowue9L7wJfxnq/IM0bw==]}
{"logTime": "0803/040552", "correlationVector":"9KxMpa4NPS7YnptMD6ndd3.4","action":"EncryptionKeysManager::SetEncryptionKeysWithTimestamps:", "result":"Success", "context":Key timestamps[3]:[2025-07-07T06:05:48Z][2026-01-03T08:05:57Z][2026-07-02T08:14:34Z]}
{"logTime": "0803/040553", "correlationVector":"FTDMuJ8lFhzjo6uo0tF8fA","action":"Initial GetUpdates", "result":"", "context":Reason: NEWLY_SUPPORTED_DATATYPE. cV=FTDMuJ8lFhzjo6uo0tF8fA}
{"logTime": "0803/040559", "correlationVector":"FTDMuJ8lFhzjo6uo0tF8fA.1","action":"SyncServerConnectionManagerRequest", "result":"SYNC_SERVER_OK", "context":{"environment":"Prod_southeastasia_prod-s01-064-apac-southeastasia", "migrationStage":"NotStarted", "server":"akswtt002000002"}}
{"logTime": "0803/040559", "correlationVector":"FTDMuJ8lFhzjo6uo0tF8fA.2","action":"ProcessGetUpdates", "result":"Done", "context":{"dataType":"Passwords", "deleted":"1", "process_failed_to_decrypt":"0", "process_pending_decryption":"0", "process_success":"12", "total":"12"}}
{"logTime": "0803/040559", "correlationVector":"FTDMuJ8lFhzjo6uo0tF8fA.3","action":"GetUpdates Response", "result":"Success", "context":Received 12 update(s). cV=FTDMuJ8lFhzjo6uo0tF8fA.0;server=akswtt002000002;cloudType=Consumer;environment=Prod_southeastasia_prod-s01-064-apac-southeastasia;migrationStage=NotStarted}
{"logTime": "0803/040559", "correlationVector":"kax3DkhL1WDCIdk+BFRkou","action":"Initial GetUpdates", "result":"", "context":Reason: NEWLY_SUPPORTED_DATATYPE. cV=kax3DkhL1WDCIdk+BFRkou}
{"logTime": "0803/040559", "correlationVector":"kax3DkhL1WDCIdk+BFRkou.1","action":"SyncServerConnectionManagerRequest", "result":"SYNC_SERVER_OK", "context":{"environment":"Prod_southeastasia_prod-s01-064-apac-southeastasia", "migrationStage":"NotStarted", "server":"akswtt002000013"}}
{"logTime": "0803/040559", "correlationVector":"kax3DkhL1WDCIdk+BFRkou.2","action":"ProcessGetUpdates", "result":"Done", "context":{"dataType":"Autofill Profiles", "deleted":"16", "process_failed_to_decrypt":"0", "process_pending_decryption":"0", "process_success":"23", "total":"23"}}
{"logTime": "0803/040559", "correlationVector":"kax3DkhL1WDCIdk+BFRkou.3","action":"ProcessGetUpdates", "result":"Done", "context":{"dataType":"Autofill", "deleted":"0", "process_failed_to_decrypt":"0", "process_pending_decryption":"0", "process_success":"152", "total":"152"}}
{"logTime": "0803/040559", "correlationVector":"kax3DkhL1WDCIdk+BFRkou.4","action":"GetUpdates Response", "result":"Success", "context":Received 175 update(s). cV=kax3DkhL1WDCIdk+BFRkou.0;server=akswtt002000013;cloudType=Consumer;environment=Prod_southeastasia_prod-s01-064-apac-southeastasia;migrationStage=NotStarted}
{"logTime": "0803/040559", "correlationVector":"XSBApZ9yAfq9Mh/WCdrHL1","action":"Normal GetUpdate request", "result":"", "context":cV=XSBApZ9yAfq9Mh/WCdrHL1
Nudged types: Sessions, Device Info
Refresh requested types: Bookmarks, Preferences, Passwords, Autofill Profiles, Autofill, Extensions, Sessions, Extension settings, History Delete Directives, Device Info, User Consents, Send Tab To Self, Web Apps, History, Saved Tab Group, WebAuthn Credentials, Edge E Drop, Edge Hub App Usage, Edge Workspace, Encryption Keys}
{"logTime": "0803/040559", "correlationVector":"XSBApZ9yAfq9Mh/WCdrHL1.1","action":"SyncServerConnectionManagerRequest", "result":"SYNC_SERVER_OK", "context":{"environment":"Prod_southeastasia_prod-s01-064-apac-southeastasia", "migrationStage":"NotStarted", "server":"akswtt002000008"}}
{"logTime": "0803/040559", "correlationVector":"XSBApZ9yAfq9Mh/WCdrHL1.2","action":"GetUpdates Response", "result":"Success", "context":Received 0 update(s). cV=XSBApZ9yAfq9Mh/WCdrHL1.0;server=akswtt002000008;cloudType=Consumer;environment=Prod_southeastasia_prod-s01-064-apac-southeastasia;migrationStage=NotStarted}
{"logTime": "0803/040559", "correlationVector":"rRpB35G0LJxf6WemeNQi3I","action":"Commit Request", "result":"", "context":Item count: 3
Contributing types: Sessions, Device Info}
{"logTime": "0803/040600", "correlationVector":"rRpB35G0LJxf6WemeNQi3I.1","action":"SyncServerConnectionManagerRequest", "result":"SYNC_SERVER_OK", "context":{"environment":"Prod_southeastasia_prod-s01-064-apac-southeastasia", "migrationStage":"NotStarted", "server":"akswtt002000007"}}
{"logTime": "0803/040600", "correlationVector":"rRpB35G0LJxf6WemeNQi3I.2","action":"Commit Response", "result":"Success", "context":Result: Success. cV=rRpB35G0LJxf6WemeNQi3I.0;server=akswtt002000007;cloudType=Consumer;environment=Prod_southeastasia_prod-s01-064-apac-southeastasia;migrationStage=NotStarted}
{"logTime": "0803/040600", "correlationVector":"/pa9AE/veVPRZx4WBAAwxo","action":"Poll GetUpdate request", "result":"", "context":cV=/pa9AE/veVPRZx4WBAAwxo}
{"logTime": "0803/040600", "correlationVector":"/pa9AE/veVPRZx4WBAAwxo.1","action":"SyncServerConnectionManagerRequest", "result":"SYNC_SERVER_OK", "context":{"environment":"Prod_southeastasia_prod-s01-064-apac-southeastasia", "migrationStage":"NotStarted", "server":"akswtt00200001m"}}
{"logTime": "0803/040600", "correlationVector":"/pa9AE/veVPRZx4WBAAwxo.2","action":"ProcessGetUpdates", "result":"Done", "context":{"dataType":"Sessions", "deleted":"0", "process_failed_to_decrypt":"0", "process_pending_decryption":"0", "process_success":"2", "total":"2"}}
{"logTime": "0803/040600", "correlationVector":"/pa9AE/veVPRZx4WBAAwxo.3","action":"ProcessGetUpdates", "result":"Done", "context":{"dataType":"Device Info", "deleted":"0", "process_failed_to_decrypt":"0", "process_pending_decryption":"0", "process_success":"1", "total":"1"}}
{"logTime": "0803/040600", "correlationVector":"/pa9AE/veVPRZx4WBAAwxo.4","action":"GetUpdates Response", "result":"Success", "context":Received 3 update(s). cV=/pa9AE/veVPRZx4WBAAwxo.0;server=akswtt00200001m;cloudType=Consumer;environment=Prod_southeastasia_prod-s01-064-apac-southeastasia;migrationStage=NotStarted}
{"logTime": "0803/040629", "correlationVector":"FP9HzDfnZWkE5JKWSQMYIc","action":"Commit Request", "result":"", "context":Item count: 7
Contributing types: Preferences, Passwords, Sessions, Device Info, History}
{"logTime": "0803/040632", "correlationVector":"FP9HzDfnZWkE5JKWSQMYIc.1","action":"SyncServerConnectionManagerRequest", "result":"SYNC_SERVER_OK", "context":{"environment":"Prod_southeastasia_prod-s01-065-apac-southeastasia", "migrationStage":"NotStarted", "server":"akswtt00200000e"}}
{"logTime": "0803/040632", "correlationVector":"FP9HzDfnZWkE5JKWSQMYIc.2","action":"Commit Response", "result":"Success", "context":Result: Success. cV=FP9HzDfnZWkE5JKWSQMYIc.0;server=akswtt00200000e;cloudType=Consumer;environment=Prod_southeastasia_prod-s01-065-apac-southeastasia;migrationStage=NotStarted}
{"logTime": "0803/040635", "correlationVector":"yVr8LZthcjpUkNEqtegosQ","action":"Commit Request", "result":"", "context":Item count: 1
Contributing types: Preferences}
{"logTime": "0803/040635", "correlationVector":"yVr8LZthcjpUkNEqtegosQ.1","action":"SyncServerConnectionManagerRequest", "result":"SYNC_SERVER_OK", "context":{"environment":"Prod_southeastasia_prod-s01-065-apac-southeastasia", "migrationStage":"NotStarted", "server":"akswtt00200001c"}}
{"logTime": "0803/040635", "correlationVector":"yVr8LZthcjpUkNEqtegosQ.2","action":"Commit Response", "result":"Success", "context":Result: Success. cV=yVr8LZthcjpUkNEqtegosQ.0;server=akswtt00200001c;cloudType=Consumer;environment=Prod_southeastasia_prod-s01-065-apac-southeastasia;migrationStage=NotStarted}
{"logTime": "0803/040726", "correlationVector":"5C8tu0tuhisE7ykoCV4Lt3","action":"Commit Request", "result":"", "context":Item count: 1
Contributing types: Device Info}
{"logTime": "0803/040726", "correlationVector":"5C8tu0tuhisE7ykoCV4Lt3.1","action":"SyncServerConnectionManagerRequest", "result":"SYNC_SERVER_OK", "context":{"environment":"Prod_southeastasia_prod-s01-064-apac-southeastasia", "migrationStage":"NotStarted", "server":"akswtt00200000k"}}
{"logTime": "0803/040726", "correlationVector":"5C8tu0tuhisE7ykoCV4Lt3.2","action":"Commit Response", "result":"Success", "context":Result: Success. cV=5C8tu0tuhisE7ykoCV4Lt3.0;server=akswtt00200000k;cloudType=Consumer;environment=Prod_southeastasia_prod-s01-064-apac-southeastasia;migrationStage=NotStarted}
{"logTime": "0803/040728", "correlationVector":"rVQWsRYVWbxsO8VuO4NQ8d","action":"Commit Request", "result":"", "context":Item count: 1
Contributing types: Preferences}
{"logTime": "0803/040729", "correlationVector":"rVQWsRYVWbxsO8VuO4NQ8d.1","action":"SyncServerConnectionManagerRequest", "result":"SYNC_SERVER_OK", "context":{"environment":"Prod_southeastasia_prod-s01-064-apac-southeastasia", "migrationStage":"NotStarted", "server":"akswtt00200000p"}}
{"logTime": "0803/040729", "correlationVector":"rVQWsRYVWbxsO8VuO4NQ8d.2","action":"Commit Response", "result":"Success", "context":Result: Success. cV=rVQWsRYVWbxsO8VuO4NQ8d.0;server=akswtt00200000p;cloudType=Consumer;environment=Prod_southeastasia_prod-s01-064-apac-southeastasia;migrationStage=NotStarted}
{"logTime": "0803/040814", "correlationVector":"g9e5v2mEOJACpOz9UQnPl4","action":"Commit Request", "result":"", "context":Item count: 1
Contributing types: Device Info}
{"logTime": "0803/040815", "correlationVector":"g9e5v2mEOJACpOz9UQnPl4.1","action":"SyncServerConnectionManagerRequest", "result":"SYNC_SERVER_OK", "context":{"environment":"Prod_southeastasia_prod-s01-065-apac-southeastasia", "migrationStage":"NotStarted", "server":"akswtt00200001x"}}
{"logTime": "0803/040815", "correlationVector":"g9e5v2mEOJACpOz9UQnPl4.2","action":"Commit Response", "result":"Success", "context":Result: Success. cV=g9e5v2mEOJACpOz9UQnPl4.0;server=akswtt00200001x;cloudType=Consumer;environment=Prod_southeastasia_prod-s01-065-apac-southeastasia;migrationStage=NotStarted}
{"logTime": "0803/040817", "correlationVector":"hWflUZ21g0hch+lvt02HyL","action":"Commit Request", "result":"", "context":Item count: 1
Contributing types: Preferences}
{"logTime": "0803/040817", "correlationVector":"hWflUZ21g0hch+lvt02HyL.1","action":"SyncServerConnectionManagerRequest", "result":"SYNC_SERVER_OK", "context":{"environment":"Prod_southeastasia_prod-s01-065-apac-southeastasia", "migrationStage":"NotStarted", "server":"akswtt002000006"}}
{"logTime": "0803/040817", "correlationVector":"hWflUZ21g0hch+lvt02HyL.2","action":"Commit Response", "result":"Success", "context":Result: Success. cV=hWflUZ21g0hch+lvt02HyL.0;server=akswtt002000006;cloudType=Consumer;environment=Prod_southeastasia_prod-s01-065-apac-southeastasia;migrationStage=NotStarted}
{"logTime": "0803/150714", "correlationVector":"5yHXLKKnjrqNp6zfhcUcJp.1","action":"SyncServerConnectionManagerRequest", "result":"SYNC_SERVER_OK", "context":{"environment":"Prod_southeastasia_prod-s01-064-apac-southeastasia", "migrationStage":"NotStarted", "server":"akswtt00200000u"}}
{"logTime": "0803/150714", "correlationVector":"5yHXLKKnjrqNp6zfhcUcJp.2","action":"ProcessGetUpdates", "result":"Done", "context":{"dataType":"Encryption Keys", "deleted":"0", "process_failed_to_decrypt":"0", "process_pending_decryption":"0", "process_success":"1", "total":"1"}}
{"logTime": "0803/150715", "correlationVector":"RJrZDTKob+zRjRBnBxtgzd","action":"SyncServerConnectionManagerRequest", "result":"SYNC_SERVER_OK", "context":{"environment":"", "migrationStage":"", "server":""}}
{"logTime": "0803/150715", "correlationVector":"RJrZDTKob+zRjRBnBxtgzd.0","action":"EncryptionKeysFetcher.DownloadKeys:", "result":"Success", "context":Key count: 3, Last key timestamp: 2026-07-02T08:14:34Z}
{"logTime": "0803/150715", "correlationVector":"RJrZDTKob+zRjRBnBxtgzd.1","action":"EncryptionKeysManager::SetEncryptionKeys:", "result":"Success", "context":Key names[3]:[QPlZQLjCCmvTMlvVjip4dP9BOsJA4IbmaJjaKSSW/I4IAQXvr0XAbpV5mOIaiZzg7rcn3EvIuDSuznP/u81ihw==][Q04S7UwxXmZRomsUqIGPudUxtM8788oXOC106Ie/ir1FnjJiIX01Bnnx5Y+tO8vup1sZRSN7WNPOZvyGHppgig==][10fQMI3Atqc99jH83tLjtSiirtLKq6ETDLX7XaGb2rMS4tPp1Hf8KP2O7B71faFg9MUowue9L7wJfxnq/IM0bw==]}
{"logTime": "0803/150715", "correlationVector":"RJrZDTKob+zRjRBnBxtgzd.2","action":"EncryptionKeysManager::SetEncryptionKeysWithTimestamps:", "result":"Success", "context":Key timestamps[3]:[2025-07-07T06:05:48Z][2026-01-03T08:05:57Z][2026-07-02T08:14:34Z]}
{"logTime": "0803/150715", "correlationVector":"5yHXLKKnjrqNp6zfhcUcJp","action":"Initial GetUpdates", "result":"", "context":Reason: NEW_CLIENT. cV=5yHXLKKnjrqNp6zfhcUcJp}
{"logTime": "0803/150715", "correlationVector":"5yHXLKKnjrqNp6zfhcUcJp.3","action":"GetUpdates Response", "result":"Success", "context":Received 1 update(s). cV=5yHXLKKnjrqNp6zfhcUcJp.0;server=akswtt00200000u;cloudType=Consumer;environment=Prod_southeastasia_prod-s01-064-apac-southeastasia;migrationStage=NotStarted}
{"logTime": "0803/150715", "correlationVector":"bHSFhXWiwcaBtds7Qau0xb","action":"Initial GetUpdates", "result":"", "context":Reason: NEWLY_SUPPORTED_DATATYPE. cV=bHSFhXWiwcaBtds7Qau0xb}
{"logTime": "0803/150715", "correlationVector":"bHSFhXWiwcaBtds7Qau0xb.1","action":"SyncServerConnectionManagerRequest", "result":"SYNC_SERVER_OK", "context":{"environment":"Prod_southeastasia_prod-s01-064-apac-southeastasia", "migrationStage":"NotStarted", "server":"akswtt00200000m"}}
{"logTime": "0803/150715", "correlationVector":"bHSFhXWiwcaBtds7Qau0xb.2","action":"ProcessGetUpdates", "result":"Done", "context":{"dataType":"Passwords", "deleted":"1", "process_failed_to_decrypt":"0", "process_pending_decryption":"0", "process_success":"12", "total":"12"}}
{"logTime": "0803/150715", "correlationVector":"bHSFhXWiwcaBtds7Qau0xb.3","action":"GetUpdates Response", "result":"Success", "context":Received 12 update(s). cV=bHSFhXWiwcaBtds7Qau0xb.0;server=akswtt00200000m;cloudType=Consumer;environment=Prod_southeastasia_prod-s01-064-apac-southeastasia;migrationStage=NotStarted}
{"logTime": "0803/150715", "correlationVector":"T48s8vR4HhEtY0929LhLH2","action":"Normal GetUpdate request", "result":"", "context":cV=T48s8vR4HhEtY0929LhLH2
Nudged types: Sessions, Device Info, History
Refresh requested types: Bookmarks, Preferences, Passwords, Autofill Profiles, Autofill, Extensions, Sessions, Extension settings, History Delete Directives, Device Info, User Consents, Send Tab To Self, Web Apps, History, Saved Tab Group, WebAuthn Credentials, Edge E Drop, Edge Hub App Usage, Edge Workspace, Encryption Keys}
{"logTime": "0803/150715", "correlationVector":"T48s8vR4HhEtY0929LhLH2.1","action":"SyncServerConnectionManagerRequest", "result":"SYNC_SERVER_OK", "context":{"environment":"Prod_southeastasia_prod-s01-064-apac-southeastasia", "migrationStage":"NotStarted", "server":"akswtt002000004"}}
{"logTime": "0803/150715", "correlationVector":"T48s8vR4HhEtY0929LhLH2.2","action":"ProcessGetUpdates", "result":"Done", "context":{"dataType":"Preferences", "deleted":"0", "process_failed_to_decrypt":"0", "process_pending_decryption":"0", "process_success":"2", "total":"2"}}
{"logTime": "0803/150715", "correlationVector":"T48s8vR4HhEtY0929LhLH2.3","action":"ProcessGetUpdates", "result":"Done", "context":{"dataType":"Sessions", "deleted":"3", "process_failed_to_decrypt":"0", "process_pending_decryption":"0", "process_success":"7", "total":"7"}}
{"logTime": "0803/150715", "correlationVector":"T48s8vR4HhEtY0929LhLH2.4","action":"ProcessGetUpdates", "result":"Done", "context":{"dataType":"Device Info", "deleted":"0", "process_failed_to_decrypt":"0", "process_pending_decryption":"0", "process_success":"2", "total":"2"}}
{"logTime": "0803/150715", "correlationVector":"T48s8vR4HhEtY0929LhLH2.5","action":"ProcessGetUpdates", "result":"Done", "context":{"dataType":"History", "deleted":"0", "process_failed_to_decrypt":"0", "process_pending_decryption":"0", "process_success":"8", "total":"8"}}
{"logTime": "0803/150715", "correlationVector":"T48s8vR4HhEtY0929LhLH2.6","action":"GetUpdates Response", "result":"Success", "context":Received 19 update(s). cV=T48s8vR4HhEtY0929LhLH2.0;server=akswtt002000004;cloudType=Consumer;environment=Prod_southeastasia_prod-s01-064-apac-southeastasia;migrationStage=NotStarted}
{"logTime": "0803/150715", "correlationVector":"qXlAnxG7uAvGJw22oH/ie3","action":"Commit Request", "result":"", "context":Item count: 4
Contributing types: Sessions, Device Info, History}
{"logTime": "0803/150716", "correlationVector":"qXlAnxG7uAvGJw22oH/ie3.1","action":"SyncServerConnectionManagerRequest", "result":"SYNC_SERVER_OK", "context":{"environment":"Prod_southeastasia_prod-s01-064-apac-southeastasia", "migrationStage":"NotStarted", "server":"akswtt00200000z"}}
{"logTime": "0803/150716", "correlationVector":"qXlAnxG7uAvGJw22oH/ie3.2","action":"Commit Response", "result":"Success", "context":Result: Success. cV=qXlAnxG7uAvGJw22oH/ie3.0;server=akswtt00200000z;cloudType=Consumer;environment=Prod_southeastasia_prod-s01-064-apac-southeastasia;migrationStage=NotStarted}
{"logTime": "0803/150716", "correlationVector":"te3wZyqxQrAinhPz752f2q","action":"Poll GetUpdate request", "result":"", "context":cV=te3wZyqxQrAinhPz752f2q}
{"logTime": "0803/150716", "correlationVector":"te3wZyqxQrAinhPz752f2q.1","action":"SyncServerConnectionManagerRequest", "result":"SYNC_SERVER_OK", "context":{"environment":"Prod_southeastasia_prod-s01-064-apac-southeastasia", "migrationStage":"NotStarted", "server":"akswtt00200000o"}}
{"logTime": "0803/150716", "correlationVector":"te3wZyqxQrAinhPz752f2q.2","action":"ProcessGetUpdates", "result":"Done", "context":{"dataType":"Sessions", "deleted":"0", "process_failed_to_decrypt":"0", "process_pending_decryption":"0", "process_success":"2", "total":"2"}}
{"logTime": "0803/150716", "correlationVector":"te3wZyqxQrAinhPz752f2q.3","action":"ProcessGetUpdates", "result":"Done", "context":{"dataType":"Device Info", "deleted":"0", "process_failed_to_decrypt":"0", "process_pending_decryption":"0", "process_success":"1", "total":"1"}}
{"logTime": "0803/150716", "correlationVector":"te3wZyqxQrAinhPz752f2q.4","action":"ProcessGetUpdates", "result":"Done", "context":{"dataType":"History", "deleted":"0", "process_failed_to_decrypt":"0", "process_pending_decryption":"0", "process_success":"1", "total":"1"}}
{"logTime": "0803/150716", "correlationVector":"te3wZyqxQrAinhPz752f2q.5","action":"GetUpdates Response", "result":"Success", "context":Received 4 update(s). cV=te3wZyqxQrAinhPz752f2q.0;server=akswtt00200000o;cloudType=Consumer;environment=Prod_southeastasia_prod-s01-064-apac-southeastasia;migrationStage=NotStarted}
{"logTime": "0803/150722", "correlationVector":"ymMTnuEDHuC9HbEGIUECds","action":"Commit Request", "result":"", "context":Item count: 1
Contributing types: Preferences}
{"logTime": "0803/150722", "correlationVector":"ymMTnuEDHuC9HbEGIUECds.1","action":"SyncServerConnectionManagerRequest", "result":"SYNC_SERVER_OK", "context":{"environment":"Prod_southeastasia_prod-s01-064-apac-southeastasia", "migrationStage":"NotStarted", "server":"akswtt00200001c"}}
{"logTime": "0803/150722", "correlationVector":"ymMTnuEDHuC9HbEGIUECds.2","action":"Commit Response", "result":"Success", "context":Result: Success. cV=ymMTnuEDHuC9HbEGIUECds.0;server=akswtt00200001c;cloudType=Consumer;environment=Prod_southeastasia_prod-s01-064-apac-southeastasia;migrationStage=NotStarted}
{"logTime": "0803/150758", "correlationVector":"8xigGfNfXAnId9zRVcmv9P","action":"Commit Request", "result":"", "context":Item count: 11
Contributing types: Preferences, Passwords, Sessions, History}
{"logTime": "0803/150759", "correlationVector":"8xigGfNfXAnId9zRVcmv9P.1","action":"SyncServerConnectionManagerRequest", "result":"SYNC_SERVER_OK", "context":{"environment":"Prod_southeastasia_prod-s01-065-apac-southeastasia", "migrationStage":"NotStarted", "server":"akswtt00200000l"}}
{"logTime": "0803/150759", "correlationVector":"8xigGfNfXAnId9zRVcmv9P.2","action":"Commit Response", "result":"Success", "context":Result: Success. cV=8xigGfNfXAnId9zRVcmv9P.0;server=akswtt00200000l;cloudType=Consumer;environment=Prod_southeastasia_prod-s01-065-apac-southeastasia;migrationStage=NotStarted}
{"logTime": "0803/150831", "correlationVector":"26OwT9DvpIni3n5hy9joU+","action":"Commit Request", "result":"", "context":Item count: 5
Contributing types: Sessions, Device Info, History}
{"logTime": "0803/150832", "correlationVector":"26OwT9DvpIni3n5hy9joU+.1","action":"SyncServerConnectionManagerRequest", "result":"SYNC_SERVER_OK", "context":{"environment":"Prod_southeastasia_prod-s01-065-apac-southeastasia", "migrationStage":"NotStarted", "server":"akswtt002000001"}}
{"logTime": "0803/150832", "correlationVector":"26OwT9DvpIni3n5hy9joU+.2","action":"Commit Response", "result":"Success", "context":Result: Success. cV=26OwT9DvpIni3n5hy9joU+.0;server=akswtt002000001;cloudType=Consumer;environment=Prod_southeastasia_prod-s01-065-apac-southeastasia;migrationStage=NotStarted}
{"logTime": "0803/150946", "correlationVector":"eONsbOKUuJkpDdzhY86muD","action":"Commit Request", "result":"", "context":Item count: 6
Contributing types: Sessions, History}
{"logTime": "0803/150946", "correlationVector":"eONsbOKUuJkpDdzhY86muD.1","action":"SyncServerConnectionManagerRequest", "result":"SYNC_SERVER_OK", "context":{"environment":"Prod_southeastasia_prod-s01-064-apac-southeastasia", "migrationStage":"NotStarted", "server":"akswtt00200000s"}}
{"logTime": "0803/150946", "correlationVector":"eONsbOKUuJkpDdzhY86muD.2","action":"Commit Response", "result":"Success", "context":Result: Success. cV=eONsbOKUuJkpDdzhY86muD.0;server=akswtt00200000s;cloudType=Consumer;environment=Prod_southeastasia_prod-s01-064-apac-southeastasia;migrationStage=NotStarted}
{"logTime": "0803/151220", "correlationVector":"F0t4clywCqdDYXEFCW46EF","action":"Commit Request", "result":"", "context":Item count: 4
Contributing types: Sessions, History}
{"logTime": "0803/151221", "correlationVector":"F0t4clywCqdDYXEFCW46EF.1","action":"SyncServerConnectionManagerRequest", "result":"SYNC_SERVER_OK", "context":{"environment":"Prod_southeastasia_prod-s01-064-apac-southeastasia", "migrationStage":"NotStarted", "server":"akswtt00200001o"}}
{"logTime": "0803/151221", "correlationVector":"F0t4clywCqdDYXEFCW46EF.2","action":"Commit Response", "result":"Success", "context":Result: Success. cV=F0t4clywCqdDYXEFCW46EF.0;server=akswtt00200001o;cloudType=Consumer;environment=Prod_southeastasia_prod-s01-064-apac-southeastasia;migrationStage=NotStarted}
{"logTime": "0803/153834", "correlationVector":"EHncM5KR2To29IuzeSehER","action":"Commit Request", "result":"", "context":Item count: 1
Contributing types: Sessions}
{"logTime": "0803/153834", "correlationVector":"EHncM5KR2To29IuzeSehER.1","action":"SyncServerConnectionManagerRequest", "result":"SYNC_SERVER_OK", "context":{"environment":"Prod_southeastasia_prod-s01-064-apac-southeastasia", "migrationStage":"NotStarted", "server":"akswtt00200001c"}}
{"logTime": "0803/153834", "correlationVector":"EHncM5KR2To29IuzeSehER.2","action":"Commit Response", "result":"Success", "context":Result: Success. cV=EHncM5KR2To29IuzeSehER.0;server=akswtt00200001c;cloudType=Consumer;environment=Prod_southeastasia_prod-s01-064-apac-southeastasia;migrationStage=NotStarted}
{"logTime": "0803/160408", "correlationVector":"LbinxEKCnfejIvqyERzsyo","action":"Commit Request", "result":"", "context":Item count: 1
Contributing types: Sessions}
{"logTime": "0803/160408", "correlationVector":"LbinxEKCnfejIvqyERzsyo.1","action":"SyncServerConnectionManagerRequest", "result":"SYNC_SERVER_OK", "context":{"environment":"Prod_southeastasia_prod-s01-064-apac-southeastasia", "migrationStage":"NotStarted", "server":"akswtt002000011"}}
{"logTime": "0803/160408", "correlationVector":"LbinxEKCnfejIvqyERzsyo.2","action":"Commit Response", "result":"Success", "context":Result: Success. cV=LbinxEKCnfejIvqyERzsyo.0;server=akswtt002000011;cloudType=Consumer;environment=Prod_southeastasia_prod-s01-064-apac-southeastasia;migrationStage=NotStarted}
{"logTime": "0803/164854", "correlationVector":"FWiWkQ5tap/KeuV5ELgeZE.1","action":"SyncServerConnectionManagerRequest", "result":"SYNC_SERVER_OK", "context":{"environment":"Prod_southeastasia_prod-s01-064-apac-southeastasia", "migrationStage":"NotStarted", "server":"akswtt002000002"}}
{"logTime": "0803/164854", "correlationVector":"FWiWkQ5tap/KeuV5ELgeZE.2","action":"ProcessGetUpdates", "result":"Done", "context":{"dataType":"Encryption Keys", "deleted":"0", "process_failed_to_decrypt":"0", "process_pending_decryption":"0", "process_success":"1", "total":"1"}}
{"logTime": "0803/164854", "correlationVector":"uU4z7RRU2H0GEP7xLDHCH9","action":"SyncServerConnectionManagerRequest", "result":"SYNC_SERVER_OK", "context":{"environment":"", "migrationStage":"", "server":""}}
{"logTime": "0803/164854", "correlationVector":"uU4z7RRU2H0GEP7xLDHCH9.0","action":"EncryptionKeysFetcher.DownloadKeys:", "result":"Success", "context":Key count: 3, Last key timestamp: 2026-07-02T08:14:34Z}
{"logTime": "0803/164854", "correlationVector":"uU4z7RRU2H0GEP7xLDHCH9.1","action":"EncryptionKeysManager::SetEncryptionKeys:", "result":"Success", "context":Key names[3]:[QPlZQLjCCmvTMlvVjip4dP9BOsJA4IbmaJjaKSSW/I4IAQXvr0XAbpV5mOIaiZzg7rcn3EvIuDSuznP/u81ihw==][Q04S7UwxXmZRomsUqIGPudUxtM8788oXOC106Ie/ir1FnjJiIX01Bnnx5Y+tO8vup1sZRSN7WNPOZvyGHppgig==][10fQMI3Atqc99jH83tLjtSiirtLKq6ETDLX7XaGb2rMS4tPp1Hf8KP2O7B71faFg9MUowue9L7wJfxnq/IM0bw==]}
{"logTime": "0803/164854", "correlationVector":"uU4z7RRU2H0GEP7xLDHCH9.2","action":"EncryptionKeysManager::SetEncryptionKeysWithTimestamps:", "result":"Success", "context":Key timestamps[3]:[2025-07-07T06:05:48Z][2026-01-03T08:05:57Z][2026-07-02T08:14:34Z]}
{"logTime": "0803/164854", "correlationVector":"FWiWkQ5tap/KeuV5ELgeZE","action":"Initial GetUpdates", "result":"", "context":Reason: NEW_CLIENT. cV=FWiWkQ5tap/KeuV5ELgeZE}
{"logTime": "0803/164854", "correlationVector":"FWiWkQ5tap/KeuV5ELgeZE.3","action":"GetUpdates Response", "result":"Success", "context":Received 1 update(s). cV=FWiWkQ5tap/KeuV5ELgeZE.0;server=akswtt002000002;cloudType=Consumer;environment=Prod_southeastasia_prod-s01-064-apac-southeastasia;migrationStage=NotStarted}
{"logTime": "0803/164854", "correlationVector":"cH0Cg3S66dEc8sumjzVrn+","action":"Initial GetUpdates", "result":"", "context":Reason: NEWLY_SUPPORTED_DATATYPE. cV=cH0Cg3S66dEc8sumjzVrn+}
{"logTime": "0803/164855", "correlationVector":"cH0Cg3S66dEc8sumjzVrn+.1","action":"SyncServerConnectionManagerRequest", "result":"SYNC_SERVER_OK", "context":{"environment":"Prod_southeastasia_prod-s01-064-apac-southeastasia", "migrationStage":"NotStarted", "server":"akswtt00200001s"}}
{"logTime": "0803/164855", "correlationVector":"cH0Cg3S66dEc8sumjzVrn+.2","action":"ProcessGetUpdates", "result":"Done", "context":{"dataType":"Passwords", "deleted":"1", "process_failed_to_decrypt":"0", "process_pending_decryption":"0", "process_success":"12", "total":"12"}}
{"logTime": "0803/164855", "correlationVector":"cH0Cg3S66dEc8sumjzVrn+.3","action":"ProcessGetUpdates", "result":"Done", "context":{"dataType":"Device Info", "deleted":"0", "process_failed_to_decrypt":"0", "process_pending_decryption":"0", "process_success":"7", "total":"7"}}
{"logTime": "0803/164855", "correlationVector":"cH0Cg3S66dEc8sumjzVrn+.4","action":"GetUpdates Response", "result":"Success", "context":Received 19 update(s). cV=cH0Cg3S66dEc8sumjzVrn+.0;server=akswtt00200001s;cloudType=Consumer;environment=Prod_southeastasia_prod-s01-064-apac-southeastasia;migrationStage=NotStarted}
{"logTime": "0803/164855", "correlationVector":"iiE2Bnj98XvYNE/9cNb4lR","action":"Initial GetUpdates", "result":"", "context":Reason: NEWLY_SUPPORTED_DATATYPE. cV=iiE2Bnj98XvYNE/9cNb4lR}
{"logTime": "0803/164855", "correlationVector":"iiE2Bnj98XvYNE/9cNb4lR.1","action":"SyncServerConnectionManagerRequest", "result":"SYNC_SERVER_OK", "context":{"environment":"Prod_southeastasia_prod-s01-064-apac-southeastasia", "migrationStage":"NotStarted", "server":"akswtt002000017"}}
{"logTime": "0803/164855", "correlationVector":"iiE2Bnj98XvYNE/9cNb4lR.2","action":"ProcessGetUpdates", "result":"Done", "context":{"dataType":"Bookmarks", "deleted":"3", "process_failed_to_decrypt":"0", "process_pending_decryption":"0", "process_success":"31", "total":"31"}}
{"logTime": "0803/164855", "correlationVector":"iiE2Bnj98XvYNE/9cNb4lR.3","action":"ProcessGetUpdates", "result":"Done", "context":{"dataType":"Preferences", "deleted":"0", "process_failed_to_decrypt":"0", "process_pending_decryption":"0", "process_success":"80", "total":"80"}}
{"logTime": "0803/164855", "correlationVector":"iiE2Bnj98XvYNE/9cNb4lR.4","action":"ProcessGetUpdates", "result":"Done", "context":{"dataType":"Autofill", "deleted":"0", "process_failed_to_decrypt":"0", "process_pending_decryption":"0", "process_success":"75", "total":"75"}}
{"logTime": "0803/164855", "correlationVector":"iiE2Bnj98XvYNE/9cNb4lR.5","action":"ProcessGetUpdates", "result":"Done", "context":{"dataType":"Extensions", "deleted":"0", "process_failed_to_decrypt":"0", "process_pending_decryption":"0", "process_success":"3", "total":"3"}}
{"logTime": "0803/164855", "correlationVector":"iiE2Bnj98XvYNE/9cNb4lR.6","action":"ProcessGetUpdates", "result":"Done", "context":{"dataType":"Sessions", "deleted":"58", "process_failed_to_decrypt":"0", "process_pending_decryption":"0", "process_success":"58", "total":"58"}}
{"logTime": "0803/164855", "correlationVector":"iiE2Bnj98XvYNE/9cNb4lR.7","action":"ProcessGetUpdates", "result":"Done", "context":{"dataType":"Saved Tab Group", "deleted":"2", "process_failed_to_decrypt":"0", "process_pending_decryption":"0", "process_success":"2", "total":"2"}}
{"logTime": "0803/164855", "correlationVector":"iiE2Bnj98XvYNE/9cNb4lR.8","action":"ProcessGetUpdates", "result":"Done", "context":{"dataType":"WebAuthn Credentials", "deleted":"0", "process_failed_to_decrypt":"0", "process_pending_decryption":"0", "process_success":"1", "total":"1"}}
{"logTime": "0803/164855", "correlationVector":"iiE2Bnj98XvYNE/9cNb4lR.9","action":"GetUpdates Response", "result":"Success", "context":Received 250 update(s). cV=iiE2Bnj98XvYNE/9cNb4lR.0;server=akswtt002000017;cloudType=Consumer;environment=Prod_southeastasia_prod-s01-064-apac-southeastasia;migrationStage=NotStarted Some updates remain.}
{"logTime": "0803/164855", "correlationVector":"x2zHC/uVby1cV4mqHTYXkc","action":"Initial GetUpdates", "result":"", "context":Reason: NEWLY_SUPPORTED_DATATYPE. cV=x2zHC/uVby1cV4mqHTYXkc}
{"logTime": "0803/164856", "correlationVector":"x2zHC/uVby1cV4mqHTYXkc.1","action":"SyncServerConnectionManagerRequest", "result":"SYNC_SERVER_OK", "context":{"environment":"Prod_southeastasia_prod-s01-064-apac-southeastasia", "migrationStage":"NotStarted", "server":"akswtt00200001j"}}
{"logTime": "0803/164856", "correlationVector":"x2zHC/uVby1cV4mqHTYXkc.2","action":"ProcessGetUpdates", "result":"Done", "context":{"dataType":"Bookmarks", "deleted":"0", "process_failed_to_decrypt":"0", "process_pending_decryption":"0", "process_success":"1", "total":"1"}}
{"logTime": "0803/164856", "correlationVector":"x2zHC/uVby1cV4mqHTYXkc.3","action":"ProcessGetUpdates", "result":"Done", "context":{"dataType":"Preferences", "deleted":"0", "process_failed_to_decrypt":"0", "process_pending_decryption":"0", "process_success":"2", "total":"2"}}
{"logTime": "0803/164856", "correlationVector":"x2zHC/uVby1cV4mqHTYXkc.4","action":"ProcessGetUpdates", "result":"Done", "context":{"dataType":"Autofill Profiles", "deleted":"16", "process_failed_to_decrypt":"0", "process_pending_decryption":"0", "process_success":"23", "total":"23"}}
{"logTime": "0803/164856", "correlationVector":"x2zHC/uVby1cV4mqHTYXkc.5","action":"ProcessGetUpdates", "result":"Done", "context":{"dataType":"Autofill", "deleted":"0", "process_failed_to_decrypt":"0", "process_pending_decryption":"0", "process_success":"77", "total":"77"}}
{"logTime": "0803/164856", "correlationVector":"x2zHC/uVby1cV4mqHTYXkc.6","action":"ProcessGetUpdates", "result":"Done", "context":{"dataType":"Sessions", "deleted":"143", "process_failed_to_decrypt":"0", "process_pending_decryption":"0", "process_success":"143", "total":"143"}}
{"logTime": "0803/164856", "correlationVector":"x2zHC/uVby1cV4mqHTYXkc.7","action":"ProcessGetUpdates", "result":"Done", "context":{"dataType":"Edge Hub App Usage", "deleted":"0", "process_failed_to_decrypt":"0", "process_pending_decryption":"0", "process_success":"4", "total":"4"}}
{"logTime": "0803/164856", "correlationVector":"x2zHC/uVby1cV4mqHTYXkc.8","action":"GetUpdates Response", "result":"Success", "context":Received 250 update(s). cV=x2zHC/uVby1cV4mqHTYXkc.0;server=akswtt00200001j;cloudType=Consumer;environment=Prod_southeastasia_prod-s01-064-apac-southeastasia;migrationStage=NotStarted Some updates remain.}
{"logTime": "0803/164856", "correlationVector":"DPnVy8W/8NuirBzAoURrQ+","action":"Initial GetUpdates", "result":"", "context":Reason: NEWLY_SUPPORTED_DATATYPE. cV=DPnVy8W/8NuirBzAoURrQ+}
{"logTime": "0803/164856", "correlationVector":"DPnVy8W/8NuirBzAoURrQ+.1","action":"SyncServerConnectionManagerRequest", "result":"SYNC_SERVER_OK", "context":{"environment":"Prod_southeastasia_prod-s01-064-apac-southeastasia", "migrationStage":"NotStarted", "server":"akswtt002000012"}}
{"logTime": "0803/164856", "correlationVector":"DPnVy8W/8NuirBzAoURrQ+.2","action":"ProcessGetUpdates", "result":"Done", "context":{"dataType":"Preferences", "deleted":"0", "process_failed_to_decrypt":"0", "process_pending_decryption":"0", "process_success":"3", "total":"3"}}
{"logTime": "0803/164856", "correlationVector":"DPnVy8W/8NuirBzAoURrQ+.3","action":"ProcessGetUpdates", "result":"Done", "context":{"dataType":"Sessions", "deleted":"120", "process_failed_to_decrypt":"0", "process_pending_decryption":"0", "process_success":"139", "total":"139"}}
{"logTime": "0803/164856", "correlationVector":"DPnVy8W/8NuirBzAoURrQ+.4","action":"ProcessGetUpdates", "result":"Done", "context":{"dataType":"Edge Hub App Usage", "deleted":"0", "process_failed_to_decrypt":"0", "process_pending_decryption":"0", "process_success":"2", "total":"2"}}
{"logTime": "0803/164856", "correlationVector":"DPnVy8W/8NuirBzAoURrQ+.5","action":"GetUpdates Response", "result":"Success", "context":Received 144 update(s). cV=DPnVy8W/8NuirBzAoURrQ+.0;server=akswtt002000012;cloudType=Consumer;environment=Prod_southeastasia_prod-s01-064-apac-southeastasia;migrationStage=NotStarted}
{"logTime": "0803/164856", "correlationVector":"7GqSWKcVsc15HIqDfOKNdI","action":"Initial GetUpdates", "result":"", "context":Reason: NEWLY_SUPPORTED_DATATYPE. cV=7GqSWKcVsc15HIqDfOKNdI}
{"logTime": "0803/164859", "correlationVector":"7GqSWKcVsc15HIqDfOKNdI.1","action":"SyncServerConnectionManagerRequest", "result":"SYNC_SERVER_OK", "context":{"environment":"Prod_southeastasia_prod-s01-064-apac-southeastasia", "migrationStage":"NotStarted", "server":"akswtt00200001n"}}
{"logTime": "0803/164859", "correlationVector":"7GqSWKcVsc15HIqDfOKNdI.2","action":"ProcessGetUpdates", "result":"Done", "context":{"dataType":"History", "deleted":"0", "process_failed_to_decrypt":"0", "process_pending_decryption":"0", "process_success":"238", "total":"238"}}
{"logTime": "0803/164859", "correlationVector":"7GqSWKcVsc15HIqDfOKNdI.3","action":"GetUpdates Response", "result":"Success", "context":Received 238 update(s). cV=7GqSWKcVsc15HIqDfOKNdI.0;server=akswtt00200001n;cloudType=Consumer;environment=Prod_southeastasia_prod-s01-064-apac-southeastasia;migrationStage=NotStarted}
{"logTime": "0803/164859", "correlationVector":"QegOmjPlCh5b+hPnu5R/gr","action":"Normal GetUpdate request", "result":"", "context":cV=QegOmjPlCh5b+hPnu5R/gr
Nudged types: Preferences, Sessions, Device Info
Refresh requested types: Bookmarks, Preferences, Passwords, Autofill Profiles, Autofill, Extensions, Sessions, Extension settings, History Delete Directives, Device Info, User Consents, Send Tab To Self, Web Apps, History, Saved Tab Group, WebAuthn Credentials, Edge E Drop, Edge Hub App Usage, Edge Workspace, Encryption Keys}
{"logTime": "0803/164859", "correlationVector":"QegOmjPlCh5b+hPnu5R/gr.1","action":"SyncServerConnectionManagerRequest", "result":"SYNC_SERVER_OK", "context":{"environment":"Prod_southeastasia_prod-s01-064-apac-southeastasia", "migrationStage":"NotStarted", "server":"akswtt002000011"}}
{"logTime": "0803/164859", "correlationVector":"QegOmjPlCh5b+hPnu5R/gr.2","action":"GetUpdates Response", "result":"Success", "context":Received 0 update(s). cV=QegOmjPlCh5b+hPnu5R/gr.0;server=akswtt002000011;cloudType=Consumer;environment=Prod_southeastasia_prod-s01-064-apac-southeastasia;migrationStage=NotStarted}
{"logTime": "0803/164859", "correlationVector":"5tVig8PFoMnZmE/3HamC+t","action":"Commit Request", "result":"", "context":Item count: 4
Contributing types: Preferences, Sessions, Device Info}
{"logTime": "0803/164859", "correlationVector":"5tVig8PFoMnZmE/3HamC+t.1","action":"SyncServerConnectionManagerRequest", "result":"SYNC_SERVER_OK", "context":{"environment":"Prod_southeastasia_prod-s01-064-apac-southeastasia", "migrationStage":"NotStarted", "server":"akswtt00200000n"}}
{"logTime": "0803/164859", "correlationVector":"5tVig8PFoMnZmE/3HamC+t.2","action":"Commit Response", "result":"Success", "context":Result: Success. cV=5tVig8PFoMnZmE/3HamC+t.0;server=akswtt00200000n;cloudType=Consumer;environment=Prod_southeastasia_prod-s01-064-apac-southeastasia;migrationStage=NotStarted}
{"logTime": "0803/164932", "correlationVector":"CgM/WEY9Eu+s14QQDaNchu","action":"Commit Request", "result":"", "context":Item count: 4
Contributing types: Preferences, Passwords, Sessions, History}
{"logTime": "0803/164932", "correlationVector":"CgM/WEY9Eu+s14QQDaNchu.1","action":"SyncServerConnectionManagerRequest", "result":"SYNC_SERVER_OK", "context":{"environment":"Prod_southeastasia_prod-s01-064-apac-southeastasia", "migrationStage":"NotStarted", "server":"akswtt00200000o"}}
{"logTime": "0803/164932", "correlationVector":"CgM/WEY9Eu+s14QQDaNchu.2","action":"Commit Response", "result":"Success", "context":Result: Success. cV=CgM/WEY9Eu+s14QQDaNchu.0;server=akswtt00200000o;cloudType=Consumer;environment=Prod_southeastasia_prod-s01-064-apac-southeastasia;migrationStage=NotStarted}
{"logTime": "0803/165042", "correlationVector":"nLjuHOFMnI/srro1TBfl5t","action":"Commit Request", "result":"", "context":Item count: 1
Contributing types: Device Info}
{"logTime": "0803/165043", "correlationVector":"nLjuHOFMnI/srro1TBfl5t.1","action":"SyncServerConnectionManagerRequest", "result":"SYNC_SERVER_OK", "context":{"environment":"Prod_southeastasia_prod-s01-064-apac-southeastasia", "migrationStage":"NotStarted", "server":"akswtt002000017"}}
{"logTime": "0803/165043", "correlationVector":"nLjuHOFMnI/srro1TBfl5t.2","action":"Commit Response", "result":"Success", "context":Result: Success. cV=nLjuHOFMnI/srro1TBfl5t.0;server=akswtt002000017;cloudType=Consumer;environment=Prod_southeastasia_prod-s01-064-apac-southeastasia;migrationStage=NotStarted}
{"logTime": "0803/165045", "correlationVector":"RuEX9MiiWPn5sViiSdz9Z7","action":"Commit Request", "result":"", "context":Item count: 1
Contributing types: Preferences}
{"logTime": "0803/165045", "correlationVector":"RuEX9MiiWPn5sViiSdz9Z7.1","action":"SyncServerConnectionManagerRequest", "result":"SYNC_SERVER_OK", "context":{"environment":"Prod_southeastasia_prod-s01-064-apac-southeastasia", "migrationStage":"NotStarted", "server":"akswtt00200000o"}}
{"logTime": "0803/165045", "correlationVector":"RuEX9MiiWPn5sViiSdz9Z7.2","action":"Commit Response", "result":"Success", "context":Result: Success. cV=RuEX9MiiWPn5sViiSdz9Z7.0;server=akswtt00200000o;cloudType=Consumer;environment=Prod_southeastasia_prod-s01-064-apac-southeastasia;migrationStage=NotStarted}
{"logTime": "0803/165143", "correlationVector":"2OzxYgRN3DVVJIJ+h5qbBn","action":"Commit Request", "result":"", "context":Item count: 6
Contributing types: Sessions, Device Info, History}
{"logTime": "0803/165144", "correlationVector":"2OzxYgRN3DVVJIJ+h5qbBn.1","action":"SyncServerConnectionManagerRequest", "result":"SYNC_SERVER_OK", "context":{"environment":"Prod_southeastasia_prod-s01-064-apac-southeastasia", "migrationStage":"NotStarted", "server":"akswtt00200000v"}}
{"logTime": "0803/165144", "correlationVector":"2OzxYgRN3DVVJIJ+h5qbBn.2","action":"Commit Response", "result":"Success", "context":Result: Success. cV=2OzxYgRN3DVVJIJ+h5qbBn.0;server=akswtt00200000v;cloudType=Consumer;environment=Prod_southeastasia_prod-s01-064-apac-southeastasia;migrationStage=NotStarted}
{"logTime": "0803/165146", "correlationVector":"wVnWJvu6cpF1ZRTdna2BFI","action":"Commit Request", "result":"", "context":Item count: 1
Contributing types: Preferences}
{"logTime": "0803/165146", "correlationVector":"wVnWJvu6cpF1ZRTdna2BFI.1","action":"SyncServerConnectionManagerRequest", "result":"SYNC_SERVER_OK", "context":{"environment":"Prod_southeastasia_prod-s01-064-apac-southeastasia", "migrationStage":"NotStarted", "server":"akswtt002000006"}}
{"logTime": "0803/165146", "correlationVector":"wVnWJvu6cpF1ZRTdna2BFI.2","action":"Commit Response", "result":"Success", "context":Result: Success. cV=wVnWJvu6cpF1ZRTdna2BFI.0;server=akswtt002000006;cloudType=Consumer;environment=Prod_southeastasia_prod-s01-064-apac-southeastasia;migrationStage=NotStarted}
{"logTime": "0803/171427", "correlationVector":"5DoUyKXCN2W5w30NgF3S1q","action":"Commit Request", "result":"", "context":Item count: 1
Contributing types: Device Info}
{"logTime": "0803/171428", "correlationVector":"5DoUyKXCN2W5w30NgF3S1q.1","action":"SyncServerConnectionManagerRequest", "result":"SYNC_SERVER_OK", "context":{"environment":"Prod_southeastasia_prod-s01-064-apac-southeastasia", "migrationStage":"NotStarted", "server":"akswtt002000001"}}
{"logTime": "0803/171428", "correlationVector":"5DoUyKXCN2W5w30NgF3S1q.2","action":"Commit Response", "result":"Success", "context":Result: Success. cV=5DoUyKXCN2W5w30NgF3S1q.0;server=akswtt002000001;cloudType=Consumer;environment=Prod_southeastasia_prod-s01-064-apac-southeastasia;migrationStage=NotStarted}
{"logTime": "0803/171430", "correlationVector":"l7wckspcuvvRaq9w+pz7T4","action":"Commit Request", "result":"", "context":Item count: 1
Contributing types: Preferences}
{"logTime": "0803/171430", "correlationVector":"l7wckspcuvvRaq9w+pz7T4.1","action":"SyncServerConnectionManagerRequest", "result":"SYNC_SERVER_OK", "context":{"environment":"Prod_southeastasia_prod-s01-064-apac-southeastasia", "migrationStage":"NotStarted", "server":"akswtt00200000t"}}
{"logTime": "0803/171430", "correlationVector":"l7wckspcuvvRaq9w+pz7T4.2","action":"Commit Response", "result":"Success", "context":Result: Success. cV=l7wckspcuvvRaq9w+pz7T4.0;server=akswtt00200000t;cloudType=Consumer;environment=Prod_southeastasia_prod-s01-064-apac-southeastasia;migrationStage=NotStarted}
{"logTime": "0803/181537", "correlationVector":"sv72fLwyew9fjx/18zmxBI","action":"Commit Request", "result":"", "context":Item count: 1
Contributing types: Sessions}
{"logTime": "0803/181537", "correlationVector":"sv72fLwyew9fjx/18zmxBI.1","action":"SyncServerConnectionManagerRequest", "result":"SYNC_SERVER_OK", "context":{"environment":"Prod_southeastasia_prod-s01-064-apac-southeastasia", "migrationStage":"NotStarted", "server":"akswtt00200000h"}}
{"logTime": "0803/181537", "correlationVector":"sv72fLwyew9fjx/18zmxBI.2","action":"Commit Response", "result":"Success", "context":Result: Success. cV=sv72fLwyew9fjx/18zmxBI.0;server=akswtt00200000h;cloudType=Consumer;environment=Prod_southeastasia_prod-s01-064-apac-southeastasia;migrationStage=NotStarted}
{"logTime": "0804/025153", "correlationVector":"Ds0isH73P1M4xAFgdLhs34.1","action":"SyncServerConnectionManagerRequest", "result":"SYNC_SERVER_OK", "context":{"environment":"Prod_southeastasia_prod-s01-065-apac-southeastasia", "migrationStage":"NotStarted", "server":"akswtt002000011"}}
{"logTime": "0804/025153", "correlationVector":"Ds0isH73P1M4xAFgdLhs34.2","action":"ProcessGetUpdates", "result":"Done", "context":{"dataType":"Encryption Keys", "deleted":"0", "process_failed_to_decrypt":"0", "process_pending_decryption":"0", "process_success":"1", "total":"1"}}
{"logTime": "0804/025153", "correlationVector":"Ds0isH73P1M4xAFgdLhs34","action":"Initial GetUpdates", "result":"", "context":Reason: NEW_CLIENT. cV=Ds0isH73P1M4xAFgdLhs34}
{"logTime": "0804/025153", "correlationVector":"Ds0isH73P1M4xAFgdLhs34.3","action":"GetUpdates Response", "result":"Success", "context":Received 1 update(s). cV=Ds0isH73P1M4xAFgdLhs34.0;server=akswtt002000011;cloudType=Consumer;environment=Prod_southeastasia_prod-s01-065-apac-southeastasia;migrationStage=NotStarted}
{"logTime": "0804/025153", "correlationVector":"zdoGdGjEBeymE3P1FO/9RU","action":"Normal GetUpdate request", "result":"", "context":cV=zdoGdGjEBeymE3P1FO/9RU
Nudged types: Preferences, Sessions, Device Info, History
Refresh requested types: Bookmarks, Preferences, Extensions, Sessions, Extension settings, History Delete Directives, Device Info, User Consents, Send Tab To Self, Web Apps, History, Saved Tab Group, WebAuthn Credentials, Edge E Drop, Edge Hub App Usage, Edge Workspace, Encryption Keys}
{"logTime": "0804/025153", "correlationVector":"zdoGdGjEBeymE3P1FO/9RU.1","action":"SyncServerConnectionManagerRequest", "result":"SYNC_SERVER_OK", "context":{"environment":"Prod_southeastasia_prod-s01-065-apac-southeastasia", "migrationStage":"NotStarted", "server":"akswtt002000025"}}
{"logTime": "0804/025153", "correlationVector":"zdoGdGjEBeymE3P1FO/9RU.2","action":"ProcessGetUpdates", "result":"Done", "context":{"dataType":"Preferences", "deleted":"0", "process_failed_to_decrypt":"0", "process_pending_decryption":"0", "process_success":"2", "total":"2"}}
{"logTime": "0804/025153", "correlationVector":"zdoGdGjEBeymE3P1FO/9RU.3","action":"ProcessGetUpdates", "result":"Done", "context":{"dataType":"Sessions", "deleted":"0", "process_failed_to_decrypt":"0", "process_pending_decryption":"0", "process_success":"6", "total":"6"}}
{"logTime": "0804/025153", "correlationVector":"zdoGdGjEBeymE3P1FO/9RU.4","action":"ProcessGetUpdates", "result":"Done", "context":{"dataType":"Device Info", "deleted":"0", "process_failed_to_decrypt":"0", "process_pending_decryption":"0", "process_success":"1", "total":"1"}}
{"logTime": "0804/025153", "correlationVector":"zdoGdGjEBeymE3P1FO/9RU.5","action":"ProcessGetUpdates", "result":"Done", "context":{"dataType":"History", "deleted":"0", "process_failed_to_decrypt":"0", "process_pending_decryption":"0", "process_success":"6", "total":"6"}}
{"logTime": "0804/025153", "correlationVector":"zdoGdGjEBeymE3P1FO/9RU.6","action":"GetUpdates Response", "result":"Success", "context":Received 15 update(s). cV=zdoGdGjEBeymE3P1FO/9RU.0;server=akswtt002000025;cloudType=Consumer;environment=Prod_southeastasia_prod-s01-065-apac-southeastasia;migrationStage=NotStarted}
{"logTime": "0804/025153", "correlationVector":"XCd83FNQOmgPRIrZK2RWn1","action":"Commit Request", "result":"", "context":Item count: 7
Contributing types: Preferences, Sessions, Device Info, History}
{"logTime": "0804/025154", "correlationVector":"XCd83FNQOmgPRIrZK2RWn1.1","action":"SyncServerConnectionManagerRequest", "result":"SYNC_SERVER_OK", "context":{"environment":"Prod_southeastasia_prod-s01-065-apac-southeastasia", "migrationStage":"NotStarted", "server":"akswtt00200000t"}}
{"logTime": "0804/025154", "correlationVector":"XCd83FNQOmgPRIrZK2RWn1.2","action":"Commit Response", "result":"Success", "context":Result: Success. cV=XCd83FNQOmgPRIrZK2RWn1.0;server=akswtt00200000t;cloudType=Consumer;environment=Prod_southeastasia_prod-s01-065-apac-southeastasia;migrationStage=NotStarted}
{"logTime": "0804/025154", "correlationVector":"XCd83FNQOmgPRIrZK2RWn1.3","action":"Commit.Sessions", "result":"Success", "context":{"id":"55761695-e94a-4bd0-bb55-147a47ed700f", "isDeleted":"true", "size":"0", "version":"1785780935524"}}
{"logTime": "0804/025154", "correlationVector":"7wQOyu+6yNAFNrDU40d2m3","action":"Poll GetUpdate request", "result":"", "context":cV=7wQOyu+6yNAFNrDU40d2m3}
{"logTime": "0804/025154", "correlationVector":"7wQOyu+6yNAFNrDU40d2m3.1","action":"SyncServerConnectionManagerRequest", "result":"SYNC_SERVER_OK", "context":{"environment":"Prod_southeastasia_prod-s01-065-apac-southeastasia", "migrationStage":"NotStarted", "server":"akswtt002000017"}}
{"logTime": "0804/025154", "correlationVector":"7wQOyu+6yNAFNrDU40d2m3.2","action":"ProcessGetUpdates", "result":"Done", "context":{"dataType":"Preferences", "deleted":"0", "process_failed_to_decrypt":"0", "process_pending_decryption":"0", "process_success":"1", "total":"1"}}
{"logTime": "0804/025154", "correlationVector":"7wQOyu+6yNAFNrDU40d2m3.3","action":"ProcessGetUpdates", "result":"Done", "context":{"dataType":"Sessions", "deleted":"1", "process_failed_to_decrypt":"0", "process_pending_decryption":"0", "process_success":"3", "total":"3"}}
{"logTime": "0804/025154", "correlationVector":"7wQOyu+6yNAFNrDU40d2m3.4","action":"ProcessGetUpdates", "result":"Done", "context":{"dataType":"Device Info", "deleted":"0", "process_failed_to_decrypt":"0", "process_pending_decryption":"0", "process_success":"1", "total":"1"}}
{"logTime": "0804/025154", "correlationVector":"7wQOyu+6yNAFNrDU40d2m3.5","action":"ProcessGetUpdates", "result":"Done", "context":{"dataType":"History", "deleted":"0", "process_failed_to_decrypt":"0", "process_pending_decryption":"0", "process_success":"2", "total":"2"}}
{"logTime": "0804/025154", "correlationVector":"7wQOyu+6yNAFNrDU40d2m3.6","action":"GetUpdates Response", "result":"Success", "context":Received 7 update(s). cV=7wQOyu+6yNAFNrDU40d2m3.0;server=akswtt002000017;cloudType=Consumer;environment=Prod_southeastasia_prod-s01-065-apac-southeastasia;migrationStage=NotStarted}
{"logTime": "0805/014119", "correlationVector":"ihdjn5tot+dyJQmVWtCdmU.1","action":"SyncServerConnectionManagerRequest", "result":"SYNC_SERVER_OK", "context":{"environment":"Prod_southeastasia_prod-s01-064-apac-southeastasia", "migrationStage":"NotStarted", "server":"akswtt002000011"}}
{"logTime": "0805/014119", "correlationVector":"ihdjn5tot+dyJQmVWtCdmU.2","action":"ProcessGetUpdates", "result":"Done", "context":{"dataType":"Encryption Keys", "deleted":"0", "process_failed_to_decrypt":"0", "process_pending_decryption":"0", "process_success":"1", "total":"1"}}
{"logTime": "0805/014120", "correlationVector":"0Re/Ha1zD8GmSMVV+F2FCs","action":"SyncServerConnectionManagerRequest", "result":"SYNC_SERVER_OK", "context":{"environment":"", "migrationStage":"", "server":""}}
{"logTime": "0805/014120", "correlationVector":"0Re/Ha1zD8GmSMVV+F2FCs.0","action":"EncryptionKeysFetcher.DownloadKeys:", "result":"Success", "context":Key count: 3, Last key timestamp: 2026-07-02T08:14:34Z}
{"logTime": "0805/014120", "correlationVector":"0Re/Ha1zD8GmSMVV+F2FCs.1","action":"EncryptionKeysManager::SetEncryptionKeys:", "result":"Success", "context":Key names[3]:[QPlZQLjCCmvTMlvVjip4dP9BOsJA4IbmaJjaKSSW/I4IAQXvr0XAbpV5mOIaiZzg7rcn3EvIuDSuznP/u81ihw==][Q04S7UwxXmZRomsUqIGPudUxtM8788oXOC106Ie/ir1FnjJiIX01Bnnx5Y+tO8vup1sZRSN7WNPOZvyGHppgig==][10fQMI3Atqc99jH83tLjtSiirtLKq6ETDLX7XaGb2rMS4tPp1Hf8KP2O7B71faFg9MUowue9L7wJfxnq/IM0bw==]}
{"logTime": "0805/014120", "correlationVector":"0Re/Ha1zD8GmSMVV+F2FCs.2","action":"EncryptionKeysManager::SetEncryptionKeysWithTimestamps:", "result":"Success", "context":Key timestamps[3]:[2025-07-07T06:05:48Z][2026-01-03T08:05:57Z][2026-07-02T08:14:34Z]}
{"logTime": "0805/014120", "correlationVector":"ihdjn5tot+dyJQmVWtCdmU","action":"Initial GetUpdates", "result":"", "context":Reason: NEW_CLIENT. cV=ihdjn5tot+dyJQmVWtCdmU}
{"logTime": "0805/014120", "correlationVector":"ihdjn5tot+dyJQmVWtCdmU.3","action":"GetUpdates Response", "result":"Success", "context":Received 1 update(s). cV=ihdjn5tot+dyJQmVWtCdmU.0;server=akswtt002000011;cloudType=Consumer;environment=Prod_southeastasia_prod-s01-064-apac-southeastasia;migrationStage=NotStarted}
{"logTime": "0805/014120", "correlationVector":"XOjkV3Ad5jwSskWMTJmsAG","action":"Initial GetUpdates", "result":"", "context":Reason: NEWLY_SUPPORTED_DATATYPE. cV=XOjkV3Ad5jwSskWMTJmsAG}
{"logTime": "0805/014120", "correlationVector":"XOjkV3Ad5jwSskWMTJmsAG.1","action":"SyncServerConnectionManagerRequest", "result":"SYNC_SERVER_OK", "context":{"environment":"Prod_southeastasia_prod-s01-064-apac-southeastasia", "migrationStage":"NotStarted", "server":"akswtt002000018"}}
{"logTime": "0805/014120", "correlationVector":"XOjkV3Ad5jwSskWMTJmsAG.2","action":"ProcessGetUpdates", "result":"Done", "context":{"dataType":"Passwords", "deleted":"1", "process_failed_to_decrypt":"0", "process_pending_decryption":"0", "process_success":"12", "total":"12"}}
{"logTime": "0805/014120", "correlationVector":"XOjkV3Ad5jwSskWMTJmsAG.3","action":"ProcessGetUpdates", "result":"Done", "context":{"dataType":"Device Info", "deleted":"0", "process_failed_to_decrypt":"0", "process_pending_decryption":"0", "process_success":"8", "total":"8"}}
{"logTime": "0805/014120", "correlationVector":"XOjkV3Ad5jwSskWMTJmsAG.4","action":"GetUpdates Response", "result":"Success", "context":Received 20 update(s). cV=XOjkV3Ad5jwSskWMTJmsAG.0;server=akswtt002000018;cloudType=Consumer;environment=Prod_southeastasia_prod-s01-064-apac-southeastasia;migrationStage=NotStarted}
{"logTime": "0805/014120", "correlationVector":"u5a0/O89xAJTVJ11LuDRsY","action":"Initial GetUpdates", "result":"", "context":Reason: NEWLY_SUPPORTED_DATATYPE. cV=u5a0/O89xAJTVJ11LuDRsY}
{"logTime": "0805/014121", "correlationVector":"u5a0/O89xAJTVJ11LuDRsY.1","action":"SyncServerConnectionManagerRequest", "result":"SYNC_SERVER_OK", "context":{"environment":"Prod_southeastasia_prod-s01-064-apac-southeastasia", "migrationStage":"NotStarted", "server":"akswtt00200001a"}}
{"logTime": "0805/014121", "correlationVector":"u5a0/O89xAJTVJ11LuDRsY.2","action":"ProcessGetUpdates", "result":"Done", "context":{"dataType":"Bookmarks", "deleted":"3", "process_failed_to_decrypt":"0", "process_pending_decryption":"0", "process_success":"31", "total":"31"}}
{"logTime": "0805/014121", "correlationVector":"u5a0/O89xAJTVJ11LuDRsY.3","action":"ProcessGetUpdates", "result":"Done", "context":{"dataType":"Preferences", "deleted":"0", "process_failed_to_decrypt":"0", "process_pending_decryption":"0", "process_success":"80", "total":"80"}}
{"logTime": "0805/014121", "correlationVector":"u5a0/O89xAJTVJ11LuDRsY.4","action":"ProcessGetUpdates", "result":"Done", "context":{"dataType":"Autofill", "deleted":"0", "process_failed_to_decrypt":"0", "process_pending_decryption":"0", "process_success":"75", "total":"75"}}
{"logTime": "0805/014121", "correlationVector":"u5a0/O89xAJTVJ11LuDRsY.5","action":"ProcessGetUpdates", "result":"Done", "context":{"dataType":"Extensions", "deleted":"0", "process_failed_to_decrypt":"0", "process_pending_decryption":"0", "process_success":"3", "total":"3"}}
{"logTime": "0805/014121", "correlationVector":"u5a0/O89xAJTVJ11LuDRsY.6","action":"ProcessGetUpdates", "result":"Done", "context":{"dataType":"Sessions", "deleted":"58", "process_failed_to_decrypt":"0", "process_pending_decryption":"0", "process_success":"58", "total":"58"}}
{"logTime": "0805/014121", "correlationVector":"u5a0/O89xAJTVJ11LuDRsY.7","action":"ProcessGetUpdates", "result":"Done", "context":{"dataType":"Saved Tab Group", "deleted":"2", "process_failed_to_decrypt":"0", "process_pending_decryption":"0", "process_success":"2", "total":"2"}}
{"logTime": "0805/014121", "correlationVector":"u5a0/O89xAJTVJ11LuDRsY.8","action":"ProcessGetUpdates", "result":"Done", "context":{"dataType":"WebAuthn Credentials", "deleted":"0", "process_failed_to_decrypt":"0", "process_pending_decryption":"0", "process_success":"1", "total":"1"}}
{"logTime": "0805/014121", "correlationVector":"u5a0/O89xAJTVJ11LuDRsY.9","action":"GetUpdates Response", "result":"Success", "context":Received 250 update(s). cV=u5a0/O89xAJTVJ11LuDRsY.0;server=akswtt00200001a;cloudType=Consumer;environment=Prod_southeastasia_prod-s01-064-apac-southeastasia;migrationStage=NotStarted Some updates remain.}
{"logTime": "0805/014121", "correlationVector":"1QBfEbXryBWZelS3dyVquy","action":"Initial GetUpdates", "result":"", "context":Reason: NEWLY_SUPPORTED_DATATYPE. cV=1QBfEbXryBWZelS3dyVquy}
{"logTime": "0805/014122", "correlationVector":"1QBfEbXryBWZelS3dyVquy.1","action":"SyncServerConnectionManagerRequest", "result":"SYNC_SERVER_OK", "context":{"environment":"Prod_southeastasia_prod-s01-064-apac-southeastasia", "migrationStage":"NotStarted", "server":"akswtt00200000r"}}
{"logTime": "0805/014122", "correlationVector":"1QBfEbXryBWZelS3dyVquy.2","action":"ProcessGetUpdates", "result":"Done", "context":{"dataType":"Bookmarks", "deleted":"0", "process_failed_to_decrypt":"0", "process_pending_decryption":"0", "process_success":"1", "total":"1"}}
{"logTime": "0805/014122", "correlationVector":"1QBfEbXryBWZelS3dyVquy.3","action":"ProcessGetUpdates", "result":"Done", "context":{"dataType":"Preferences", "deleted":"0", "process_failed_to_decrypt":"0", "process_pending_decryption":"0", "process_success":"2", "total":"2"}}
{"logTime": "0805/014122", "correlationVector":"1QBfEbXryBWZelS3dyVquy.4","action":"ProcessGetUpdates", "result":"Done", "context":{"dataType":"Autofill Profiles", "deleted":"16", "process_failed_to_decrypt":"0", "process_pending_decryption":"0", "process_success":"23", "total":"23"}}
{"logTime": "0805/014122", "correlationVector":"1QBfEbXryBWZelS3dyVquy.5","action":"ProcessGetUpdates", "result":"Done", "context":{"dataType":"Autofill", "deleted":"0", "process_failed_to_decrypt":"0", "process_pending_decryption":"0", "process_success":"77", "total":"77"}}
{"logTime": "0805/014122", "correlationVector":"1QBfEbXryBWZelS3dyVquy.6","action":"ProcessGetUpdates", "result":"Done", "context":{"dataType":"Sessions", "deleted":"143", "process_failed_to_decrypt":"0", "process_pending_decryption":"0", "process_success":"143", "total":"143"}}
{"logTime": "0805/014122", "correlationVector":"1QBfEbXryBWZelS3dyVquy.7","action":"ProcessGetUpdates", "result":"Done", "context":{"dataType":"Edge Hub App Usage", "deleted":"0", "process_failed_to_decrypt":"0", "process_pending_decryption":"0", "process_success":"4", "total":"4"}}
{"logTime": "0805/014122", "correlationVector":"1QBfEbXryBWZelS3dyVquy.8","action":"GetUpdates Response", "result":"Success", "context":Received 250 update(s). cV=1QBfEbXryBWZelS3dyVquy.0;server=akswtt00200000r;cloudType=Consumer;environment=Prod_southeastasia_prod-s01-064-apac-southeastasia;migrationStage=NotStarted Some updates remain.}
{"logTime": "0805/014122", "correlationVector":"2kA6mIn5/Ivp9zH+qbxD24","action":"Initial GetUpdates", "result":"", "context":Reason: NEWLY_SUPPORTED_DATATYPE. cV=2kA6mIn5/Ivp9zH+qbxD24}
{"logTime": "0805/014122", "correlationVector":"2kA6mIn5/Ivp9zH+qbxD24.1","action":"SyncServerConnectionManagerRequest", "result":"SYNC_SERVER_OK", "context":{"environment":"Prod_southeastasia_prod-s01-064-apac-southeastasia", "migrationStage":"NotStarted", "server":"akswtt00200001o"}}
{"logTime": "0805/014122", "correlationVector":"2kA6mIn5/Ivp9zH+qbxD24.2","action":"ProcessGetUpdates", "result":"Done", "context":{"dataType":"Preferences", "deleted":"0", "process_failed_to_decrypt":"0", "process_pending_decryption":"0", "process_success":"3", "total":"3"}}
{"logTime": "0805/014122", "correlationVector":"2kA6mIn5/Ivp9zH+qbxD24.3","action":"ProcessGetUpdates", "result":"Done", "context":{"dataType":"Sessions", "deleted":"132", "process_failed_to_decrypt":"0", "process_pending_decryption":"0", "process_success":"157", "total":"157"}}
{"logTime": "0805/014122", "correlationVector":"2kA6mIn5/Ivp9zH+qbxD24.4","action":"ProcessGetUpdates", "result":"Done", "context":{"dataType":"Edge Hub App Usage", "deleted":"0", "process_failed_to_decrypt":"0", "process_pending_decryption":"0", "process_success":"3", "total":"3"}}
{"logTime": "0805/014122", "correlationVector":"2kA6mIn5/Ivp9zH+qbxD24.5","action":"GetUpdates Response", "result":"Success", "context":Received 163 update(s). cV=2kA6mIn5/Ivp9zH+qbxD24.0;server=akswtt00200001o;cloudType=Consumer;environment=Prod_southeastasia_prod-s01-064-apac-southeastasia;migrationStage=NotStarted}
{"logTime": "0805/014122", "correlationVector":"zKmwYs/4AC6W3WEbYoq2HK","action":"Initial GetUpdates", "result":"", "context":Reason: NEWLY_SUPPORTED_DATATYPE. cV=zKmwYs/4AC6W3WEbYoq2HK}
{"logTime": "0805/014123", "correlationVector":"zKmwYs/4AC6W3WEbYoq2HK.1","action":"SyncServerConnectionManagerRequest", "result":"SYNC_SERVER_OK", "context":{"environment":"Prod_southeastasia_prod-s01-064-apac-southeastasia", "migrationStage":"NotStarted", "server":"akswtt00200000q"}}
{"logTime": "0805/014123", "correlationVector":"zKmwYs/4AC6W3WEbYoq2HK.2","action":"ProcessGetUpdates", "result":"Done", "context":{"dataType":"History", "deleted":"0", "process_failed_to_decrypt":"0", "process_pending_decryption":"0", "process_success":"233", "total":"233"}}
{"logTime": "0805/014123", "correlationVector":"zKmwYs/4AC6W3WEbYoq2HK.3","action":"GetUpdates Response", "result":"Success", "context":Received 233 update(s). cV=zKmwYs/4AC6W3WEbYoq2HK.0;server=akswtt00200000q;cloudType=Consumer;environment=Prod_southeastasia_prod-s01-064-apac-southeastasia;migrationStage=NotStarted}
{"logTime": "0805/014123", "correlationVector":"GHaRBMDrGX7xcQzjUd5zSN","action":"Normal GetUpdate request", "result":"", "context":cV=GHaRBMDrGX7xcQzjUd5zSN
Nudged types: Sessions, Device Info
Refresh requested types: Bookmarks, Preferences, Passwords, Autofill Profiles, Autofill, Extensions, Sessions, Extension settings, History Delete Directives, Device Info, User Consents, Send Tab To Self, Web Apps, History, Saved Tab Group, WebAuthn Credentials, Edge E Drop, Edge Hub App Usage, Edge Workspace, Encryption Keys}
{"logTime": "0805/014123", "correlationVector":"GHaRBMDrGX7xcQzjUd5zSN.1","action":"SyncServerConnectionManagerRequest", "result":"SYNC_SERVER_OK", "context":{"environment":"Prod_southeastasia_prod-s01-064-apac-southeastasia", "migrationStage":"NotStarted", "server":"akswtt00200000u"}}
{"logTime": "0805/014123", "correlationVector":"GHaRBMDrGX7xcQzjUd5zSN.2","action":"GetUpdates Response", "result":"Success", "context":Received 0 update(s). cV=GHaRBMDrGX7xcQzjUd5zSN.0;server=akswtt00200000u;cloudType=Consumer;environment=Prod_southeastasia_prod-s01-064-apac-southeastasia;migrationStage=NotStarted}
{"logTime": "0805/014123", "correlationVector":"a10PRHfEJb4ymj34AS8eSf","action":"Commit Request", "result":"", "context":Item count: 3
Contributing types: Sessions, Device Info}
{"logTime": "0805/014123", "correlationVector":"a10PRHfEJb4ymj34AS8eSf.1","action":"SyncServerConnectionManagerRequest", "result":"SYNC_SERVER_OK", "context":{"environment":"Prod_southeastasia_prod-s01-064-apac-southeastasia", "migrationStage":"NotStarted", "server":"akswtt00200001d"}}
{"logTime": "0805/014123", "correlationVector":"a10PRHfEJb4ymj34AS8eSf.2","action":"Commit Response", "result":"Success", "context":Result: Success. cV=a10PRHfEJb4ymj34AS8eSf.0;server=akswtt00200001d;cloudType=Consumer;environment=Prod_southeastasia_prod-s01-064-apac-southeastasia;migrationStage=NotStarted}
{"logTime": "0805/014123", "correlationVector":"Xy0V2ITi01+ozFehao7Sq9","action":"Poll GetUpdate request", "result":"", "context":cV=Xy0V2ITi01+ozFehao7Sq9}
{"logTime": "0805/014124", "correlationVector":"Xy0V2ITi01+ozFehao7Sq9.1","action":"SyncServerConnectionManagerRequest", "result":"SYNC_SERVER_OK", "context":{"environment":"Prod_southeastasia_prod-s01-064-apac-southeastasia", "migrationStage":"NotStarted", "server":"akswtt00200000d"}}
{"logTime": "0805/014124", "correlationVector":"Xy0V2ITi01+ozFehao7Sq9.2","action":"ProcessGetUpdates", "result":"Done", "context":{"dataType":"Sessions", "deleted":"0", "process_failed_to_decrypt":"0", "process_pending_decryption":"0", "process_success":"2", "total":"2"}}
{"logTime": "0805/014124", "correlationVector":"Xy0V2ITi01+ozFehao7Sq9.3","action":"ProcessGetUpdates", "result":"Done", "context":{"dataType":"Device Info", "deleted":"0", "process_failed_to_decrypt":"0", "process_pending_decryption":"0", "process_success":"1", "total":"1"}}
{"logTime": "0805/014124", "correlationVector":"Xy0V2ITi01+ozFehao7Sq9.4","action":"GetUpdates Response", "result":"Success", "context":Received 3 update(s). cV=Xy0V2ITi01+ozFehao7Sq9.0;server=akswtt00200000d;cloudType=Consumer;environment=Prod_southeastasia_prod-s01-064-apac-southeastasia;migrationStage=NotStarted}
{"logTime": "0805/014124", "correlationVector":"ZsGUT9TvluZDW7tW2Eyo9m","action":"Commit Request", "result":"", "context":Item count: 1
Contributing types: Preferences}
{"logTime": "0805/014126", "correlationVector":"ZsGUT9TvluZDW7tW2Eyo9m.1","action":"SyncServerConnectionManagerRequest", "result":"SYNC_SERVER_OK", "context":{"environment":"Prod_southeastasia_prod-s01-064-apac-southeastasia", "migrationStage":"NotStarted", "server":"akswtt002000001"}}
{"logTime": "0805/014126", "correlationVector":"ZsGUT9TvluZDW7tW2Eyo9m.2","action":"Commit Response", "result":"Success", "context":Result: Success. cV=ZsGUT9TvluZDW7tW2Eyo9m.0;server=akswtt002000001;cloudType=Consumer;environment=Prod_southeastasia_prod-s01-064-apac-southeastasia;migrationStage=NotStarted}
{"logTime": "0805/014155", "correlationVector":"98zzwxwbLbevFZIbTCo+kg","action":"Commit Request", "result":"", "context":Item count: 6
Contributing types: Preferences, Passwords, Sessions, History}
{"logTime": "0805/014156", "correlationVector":"98zzwxwbLbevFZIbTCo+kg.1","action":"SyncServerConnectionManagerRequest", "result":"SYNC_SERVER_OK", "context":{"environment":"Prod_southeastasia_prod-s01-064-apac-southeastasia", "migrationStage":"NotStarted", "server":"akswtt00200000k"}}
{"logTime": "0805/014156", "correlationVector":"98zzwxwbLbevFZIbTCo+kg.2","action":"Commit Response", "result":"Success", "context":Result: Success. cV=98zzwxwbLbevFZIbTCo+kg.0;server=akswtt00200000k;cloudType=Consumer;environment=Prod_southeastasia_prod-s01-064-apac-southeastasia;migrationStage=NotStarted}
{"logTime": "0805/014239", "correlationVector":"LAxG60veENJXjV9NK7cGre","action":"Commit Request", "result":"", "context":Item count: 1
Contributing types: Device Info}
{"logTime": "0805/014240", "correlationVector":"LAxG60veENJXjV9NK7cGre.1","action":"SyncServerConnectionManagerRequest", "result":"SYNC_SERVER_OK", "context":{"environment":"Prod_southeastasia_prod-s01-064-apac-southeastasia", "migrationStage":"NotStarted", "server":"akswtt00200000q"}}
{"logTime": "0805/014240", "correlationVector":"LAxG60veENJXjV9NK7cGre.2","action":"Commit Response", "result":"Success", "context":Result: Success. cV=LAxG60veENJXjV9NK7cGre.0;server=akswtt00200000q;cloudType=Consumer;environment=Prod_southeastasia_prod-s01-064-apac-southeastasia;migrationStage=NotStarted}
